<?xml version="1.0" encoding="ISO-8859-1" ?>
<link_info>
   <banner>TI ARM Clang Linker Unix v3.2.1.LTS</banner>
   <copyright>Copyright (c) 1996-2018 Texas Instruments Incorporated</copyright>
   <link_time>0x67613cf8</link_time>
   <link_errors>0x0</link_errors>
   <output_file>/Users/chum/workspace_v12/gpiointerrupt_CC3220S_LAUNCHXL_nortos_ticlang/Debug/gpiointerrupt_CC3220S_LAUNCHXL_nortos_ticlang.out</output_file>
   <entry_point>
      <name>resetISR</name>
      <address>0x20010a15</address>
   </entry_point>
   <input_file_list>
      <input_file id="fl-1">
         <path>/Users/chum/workspace_v12/gpiointerrupt_CC3220S_LAUNCHXL_nortos_ticlang/Debug/./</path>
         <kind>object</kind>
         <file>gpiointerrupt.o</file>
         <name>gpiointerrupt.o</name>
      </input_file>
      <input_file id="fl-2">
         <path>/Users/chum/workspace_v12/gpiointerrupt_CC3220S_LAUNCHXL_nortos_ticlang/Debug/./syscfg/</path>
         <kind>object</kind>
         <file>ti_drivers_config.o</file>
         <name>ti_drivers_config.o</name>
      </input_file>
      <input_file id="fl-3">
         <path>/Users/chum/workspace_v12/gpiointerrupt_CC3220S_LAUNCHXL_nortos_ticlang/Debug/./</path>
         <kind>object</kind>
         <file>main_nortos.o</file>
         <name>main_nortos.o</name>
      </input_file>
      <input_file id="fl-13">
         <path>/Users/chum/workspace_v12/gpiointerrupt_CC3220S_LAUNCHXL_nortos_ticlang/Debug/</path>
         <kind>object</kind>
         <file>&lt;internal&gt;</file>
         <name>&lt;internal&gt;</name>
      </input_file>
      <input_file id="fl-14">
         <path>/Applications/ti/simplelink_cc32xx_sdk_4_30_00_06/source/ti/drivers/lib/ticlang/m4/</path>
         <kind>archive</kind>
         <file>drivers_cc32xx.a</file>
         <name>I2C.om4</name>
      </input_file>
      <input_file id="fl-15">
         <path>/Applications/ti/simplelink_cc32xx_sdk_4_30_00_06/source/ti/drivers/lib/ticlang/m4/</path>
         <kind>archive</kind>
         <file>drivers_cc32xx.a</file>
         <name>Timer.om4</name>
      </input_file>
      <input_file id="fl-16">
         <path>/Applications/ti/simplelink_cc32xx_sdk_4_30_00_06/source/ti/drivers/lib/ticlang/m4/</path>
         <kind>archive</kind>
         <file>drivers_cc32xx.a</file>
         <name>UART.om4</name>
      </input_file>
      <input_file id="fl-17">
         <path>/Applications/ti/simplelink_cc32xx_sdk_4_30_00_06/source/ti/drivers/lib/ticlang/m4/</path>
         <kind>archive</kind>
         <file>drivers_cc32xx.a</file>
         <name>GPIOCC32XX.om4</name>
      </input_file>
      <input_file id="fl-18">
         <path>/Applications/ti/simplelink_cc32xx_sdk_4_30_00_06/source/ti/drivers/lib/ticlang/m4/</path>
         <kind>archive</kind>
         <file>drivers_cc32xx.a</file>
         <name>I2CCC32XX.om4</name>
      </input_file>
      <input_file id="fl-19">
         <path>/Applications/ti/simplelink_cc32xx_sdk_4_30_00_06/source/ti/drivers/lib/ticlang/m4/</path>
         <kind>archive</kind>
         <file>drivers_cc32xx.a</file>
         <name>PowerCC32XX.om4</name>
      </input_file>
      <input_file id="fl-1a">
         <path>/Applications/ti/simplelink_cc32xx_sdk_4_30_00_06/source/ti/drivers/lib/ticlang/m4/</path>
         <kind>archive</kind>
         <file>drivers_cc32xx.a</file>
         <name>PowerCC32XX_asm.om4</name>
      </input_file>
      <input_file id="fl-1b">
         <path>/Applications/ti/simplelink_cc32xx_sdk_4_30_00_06/source/ti/drivers/lib/ticlang/m4/</path>
         <kind>archive</kind>
         <file>drivers_cc32xx.a</file>
         <name>TimerCC32XX.om4</name>
      </input_file>
      <input_file id="fl-1c">
         <path>/Applications/ti/simplelink_cc32xx_sdk_4_30_00_06/source/ti/drivers/lib/ticlang/m4/</path>
         <kind>archive</kind>
         <file>drivers_cc32xx.a</file>
         <name>UARTCC32XX.om4</name>
      </input_file>
      <input_file id="fl-1d">
         <path>/Applications/ti/simplelink_cc32xx_sdk_4_30_00_06/source/ti/drivers/lib/ticlang/m4/</path>
         <kind>archive</kind>
         <file>drivers_cc32xx.a</file>
         <name>List.om4</name>
      </input_file>
      <input_file id="fl-1e">
         <path>/Applications/ti/simplelink_cc32xx_sdk_4_30_00_06/source/ti/drivers/lib/ticlang/m4/</path>
         <kind>archive</kind>
         <file>drivers_cc32xx.a</file>
         <name>RingBuf.om4</name>
      </input_file>
      <input_file id="fl-1f">
         <path>/Applications/ti/simplelink_cc32xx_sdk_4_30_00_06/kernel/nortos/lib/ticlang/m4/</path>
         <kind>archive</kind>
         <file>nortos_cc32xx.a</file>
         <name>NoRTOS.om4</name>
      </input_file>
      <input_file id="fl-20">
         <path>/Applications/ti/simplelink_cc32xx_sdk_4_30_00_06/kernel/nortos/lib/ticlang/m4/</path>
         <kind>archive</kind>
         <file>nortos_cc32xx.a</file>
         <name>SemaphoreP_nortos.om4</name>
      </input_file>
      <input_file id="fl-21">
         <path>/Applications/ti/simplelink_cc32xx_sdk_4_30_00_06/kernel/nortos/lib/ticlang/m4/</path>
         <kind>archive</kind>
         <file>nortos_cc32xx.a</file>
         <name>ClockPSysTick_nortos.om4</name>
      </input_file>
      <input_file id="fl-22">
         <path>/Applications/ti/simplelink_cc32xx_sdk_4_30_00_06/kernel/nortos/lib/ticlang/m4/</path>
         <kind>archive</kind>
         <file>nortos_cc32xx.a</file>
         <name>HwiPCC32XX_nortos.om4</name>
      </input_file>
      <input_file id="fl-23">
         <path>/Applications/ti/simplelink_cc32xx_sdk_4_30_00_06/kernel/nortos/lib/ticlang/m4/</path>
         <kind>archive</kind>
         <file>nortos_cc32xx.a</file>
         <name>PowerCC32XX_nortos.om4</name>
      </input_file>
      <input_file id="fl-24">
         <path>/Applications/ti/simplelink_cc32xx_sdk_4_30_00_06/kernel/nortos/lib/ticlang/m4/</path>
         <kind>archive</kind>
         <file>nortos_cc32xx.a</file>
         <name>startup_cc32xx_ticlang.om4</name>
      </input_file>
      <input_file id="fl-25">
         <path>/Applications/ti/simplelink_cc32xx_sdk_4_30_00_06/kernel/nortos/lib/ticlang/m4/</path>
         <kind>archive</kind>
         <file>nortos_cc32xx.a</file>
         <name>SwiP_nortos.om4</name>
      </input_file>
      <input_file id="fl-26">
         <path>/Applications/ti/simplelink_cc32xx_sdk_4_30_00_06/kernel/nortos/lib/ticlang/m4/</path>
         <kind>archive</kind>
         <file>nortos_cc32xx.a</file>
         <name>QueueP_nortos.om4</name>
      </input_file>
      <input_file id="fl-27">
         <path>/Applications/ti/simplelink_cc32xx_sdk_4_30_00_06/source/ti/devices/cc32xx/driverlib/ticlang/Release/</path>
         <kind>archive</kind>
         <file>driverlib.a</file>
         <name>cpu.obj</name>
      </input_file>
      <input_file id="fl-28">
         <path>/Applications/ti/simplelink_cc32xx_sdk_4_30_00_06/source/ti/devices/cc32xx/driverlib/ticlang/Release/</path>
         <kind>archive</kind>
         <file>driverlib.a</file>
         <name>i2c.obj</name>
      </input_file>
      <input_file id="fl-29">
         <path>/Applications/ti/simplelink_cc32xx_sdk_4_30_00_06/source/ti/devices/cc32xx/driverlib/ticlang/Release/</path>
         <kind>archive</kind>
         <file>driverlib.a</file>
         <name>interrupt.obj</name>
      </input_file>
      <input_file id="fl-2a">
         <path>/Applications/ti/simplelink_cc32xx_sdk_4_30_00_06/source/ti/devices/cc32xx/driverlib/ticlang/Release/</path>
         <kind>archive</kind>
         <file>driverlib.a</file>
         <name>pin.obj</name>
      </input_file>
      <input_file id="fl-2b">
         <path>/Applications/ti/simplelink_cc32xx_sdk_4_30_00_06/source/ti/devices/cc32xx/driverlib/ticlang/Release/</path>
         <kind>archive</kind>
         <file>driverlib.a</file>
         <name>prcm.obj</name>
      </input_file>
      <input_file id="fl-2c">
         <path>/Applications/ti/simplelink_cc32xx_sdk_4_30_00_06/source/ti/devices/cc32xx/driverlib/ticlang/Release/</path>
         <kind>archive</kind>
         <file>driverlib.a</file>
         <name>timer.obj</name>
      </input_file>
      <input_file id="fl-2d">
         <path>/Applications/ti/simplelink_cc32xx_sdk_4_30_00_06/source/ti/devices/cc32xx/driverlib/ticlang/Release/</path>
         <kind>archive</kind>
         <file>driverlib.a</file>
         <name>uart.obj</name>
      </input_file>
      <input_file id="fl-2e">
         <path>/Applications/ti/simplelink_cc32xx_sdk_4_30_00_06/source/ti/devices/cc32xx/driverlib/ticlang/Release/</path>
         <kind>archive</kind>
         <file>driverlib.a</file>
         <name>utils.obj</name>
      </input_file>
      <input_file id="fl-2f">
         <path>/Applications/ti/simplelink_cc32xx_sdk_4_30_00_06/source/ti/devices/cc32xx/driverlib/ticlang/Release/</path>
         <kind>archive</kind>
         <file>driverlib.a</file>
         <name>flash.obj</name>
      </input_file>
      <input_file id="fl-3e">
         <path>/Applications/ti/ccs1260/ccs/tools/compiler/ti-cgt-armllvm_3.2.1.LTS/lib/armv7em-ti-none-eabi/c/</path>
         <kind>archive</kind>
         <file>libc.a</file>
         <name>snprintf.c.obj</name>
      </input_file>
      <input_file id="fl-3f">
         <path>/Applications/ti/ccs1260/ccs/tools/compiler/ti-cgt-armllvm_3.2.1.LTS/lib/armv7em-ti-none-eabi/c/</path>
         <kind>archive</kind>
         <file>libc.a</file>
         <name>memory.c.obj</name>
      </input_file>
      <input_file id="fl-40">
         <path>/Applications/ti/ccs1260/ccs/tools/compiler/ti-cgt-armllvm_3.2.1.LTS/lib/armv7em-ti-none-eabi/c/</path>
         <kind>archive</kind>
         <file>libc.a</file>
         <name>boot_cortex_m.c.obj</name>
      </input_file>
      <input_file id="fl-41">
         <path>/Applications/ti/ccs1260/ccs/tools/compiler/ti-cgt-armllvm_3.2.1.LTS/lib/armv7em-ti-none-eabi/c/</path>
         <kind>archive</kind>
         <file>libc.a</file>
         <name>mathacl_init.c.obj</name>
      </input_file>
      <input_file id="fl-42">
         <path>/Applications/ti/ccs1260/ccs/tools/compiler/ti-cgt-armllvm_3.2.1.LTS/lib/armv7em-ti-none-eabi/c/</path>
         <kind>archive</kind>
         <file>libc.a</file>
         <name>autoinit.c.obj</name>
      </input_file>
      <input_file id="fl-43">
         <path>/Applications/ti/ccs1260/ccs/tools/compiler/ti-cgt-armllvm_3.2.1.LTS/lib/armv7em-ti-none-eabi/c/</path>
         <kind>archive</kind>
         <file>libc.a</file>
         <name>pre_init.c.obj</name>
      </input_file>
      <input_file id="fl-44">
         <path>/Applications/ti/ccs1260/ccs/tools/compiler/ti-cgt-armllvm_3.2.1.LTS/lib/armv7em-ti-none-eabi/c/</path>
         <kind>archive</kind>
         <file>libc.a</file>
         <name>cpy_tbl.c.obj</name>
      </input_file>
      <input_file id="fl-45">
         <path>/Applications/ti/ccs1260/ccs/tools/compiler/ti-cgt-armllvm_3.2.1.LTS/lib/armv7em-ti-none-eabi/c/</path>
         <kind>archive</kind>
         <file>libc.a</file>
         <name>copy_zero_init.c.obj</name>
      </input_file>
      <input_file id="fl-46">
         <path>/Applications/ti/ccs1260/ccs/tools/compiler/ti-cgt-armllvm_3.2.1.LTS/lib/armv7em-ti-none-eabi/c/</path>
         <kind>archive</kind>
         <file>libc.a</file>
         <name>copy_decompress_none.c.obj</name>
      </input_file>
      <input_file id="fl-47">
         <path>/Applications/ti/ccs1260/ccs/tools/compiler/ti-cgt-armllvm_3.2.1.LTS/lib/armv7em-ti-none-eabi/c/</path>
         <kind>archive</kind>
         <file>libc.a</file>
         <name>copy_decompress_lzss.c.obj</name>
      </input_file>
      <input_file id="fl-48">
         <path>/Applications/ti/ccs1260/ccs/tools/compiler/ti-cgt-armllvm_3.2.1.LTS/lib/armv7em-ti-none-eabi/c/</path>
         <kind>archive</kind>
         <file>libc.a</file>
         <name>_printfi.c.obj</name>
      </input_file>
      <input_file id="fl-49">
         <path>/Applications/ti/ccs1260/ccs/tools/compiler/ti-cgt-armllvm_3.2.1.LTS/lib/armv7em-ti-none-eabi/c/</path>
         <kind>archive</kind>
         <file>libc.a</file>
         <name>wcslen.c.obj</name>
      </input_file>
      <input_file id="fl-4a">
         <path>/Applications/ti/ccs1260/ccs/tools/compiler/ti-cgt-armllvm_3.2.1.LTS/lib/armv7em-ti-none-eabi/c/</path>
         <kind>archive</kind>
         <file>libc.a</file>
         <name>aeabi_portable.c.obj</name>
      </input_file>
      <input_file id="fl-4b">
         <path>/Applications/ti/ccs1260/ccs/tools/compiler/ti-cgt-armllvm_3.2.1.LTS/lib/armv7em-ti-none-eabi/c/</path>
         <kind>archive</kind>
         <file>libc.a</file>
         <name>exit.c.obj</name>
      </input_file>
      <input_file id="fl-4c">
         <path>/Applications/ti/ccs1260/ccs/tools/compiler/ti-cgt-armllvm_3.2.1.LTS/lib/armv7em-ti-none-eabi/c/</path>
         <kind>archive</kind>
         <file>libc.a</file>
         <name>_lock.c.obj</name>
      </input_file>
      <input_file id="fl-4d">
         <path>/Applications/ti/ccs1260/ccs/tools/compiler/ti-cgt-armllvm_3.2.1.LTS/lib/armv7em-ti-none-eabi/c/</path>
         <kind>archive</kind>
         <file>libc.a</file>
         <name>_ltoa.c.obj</name>
      </input_file>
      <input_file id="fl-4e">
         <path>/Applications/ti/ccs1260/ccs/tools/compiler/ti-cgt-armllvm_3.2.1.LTS/lib/armv7em-ti-none-eabi/c/</path>
         <kind>archive</kind>
         <file>libc.a</file>
         <name>args_main.c.obj</name>
      </input_file>
      <input_file id="fl-4f">
         <path>/Applications/ti/ccs1260/ccs/tools/compiler/ti-cgt-armllvm_3.2.1.LTS/lib/armv7em-ti-none-eabi/c/</path>
         <kind>archive</kind>
         <file>libc.a</file>
         <name>assert.c.obj</name>
      </input_file>
      <input_file id="fl-50">
         <path>/Applications/ti/ccs1260/ccs/tools/compiler/ti-cgt-armllvm_3.2.1.LTS/lib/armv7em-ti-none-eabi/c/</path>
         <kind>archive</kind>
         <file>libc.a</file>
         <name>atoi.c.obj</name>
      </input_file>
      <input_file id="fl-51">
         <path>/Applications/ti/ccs1260/ccs/tools/compiler/ti-cgt-armllvm_3.2.1.LTS/lib/armv7em-ti-none-eabi/c/</path>
         <kind>archive</kind>
         <file>libc.a</file>
         <name>defs.c.obj</name>
      </input_file>
      <input_file id="fl-52">
         <path>/Applications/ti/ccs1260/ccs/tools/compiler/ti-cgt-armllvm_3.2.1.LTS/lib/armv7em-ti-none-eabi/c/</path>
         <kind>archive</kind>
         <file>libc.a</file>
         <name>memccpy.c.obj</name>
      </input_file>
      <input_file id="fl-53">
         <path>/Applications/ti/ccs1260/ccs/tools/compiler/ti-cgt-armllvm_3.2.1.LTS/lib/armv7em-ti-none-eabi/c/</path>
         <kind>archive</kind>
         <file>libc.a</file>
         <name>s_frexp.c.obj</name>
      </input_file>
      <input_file id="fl-54">
         <path>/Applications/ti/ccs1260/ccs/tools/compiler/ti-cgt-armllvm_3.2.1.LTS/lib/armv7em-ti-none-eabi/c/</path>
         <kind>archive</kind>
         <file>libc.a</file>
         <name>s_scalbn.c.obj</name>
      </input_file>
      <input_file id="fl-55">
         <path>/Applications/ti/ccs1260/ccs/tools/compiler/ti-cgt-armllvm_3.2.1.LTS/lib/armv7em-ti-none-eabi/c/</path>
         <kind>archive</kind>
         <file>libc.a</file>
         <name>sprintf.c.obj</name>
      </input_file>
      <input_file id="fl-56">
         <path>/Applications/ti/ccs1260/ccs/tools/compiler/ti-cgt-armllvm_3.2.1.LTS/lib/armv7em-ti-none-eabi/c/</path>
         <kind>archive</kind>
         <file>libc.a</file>
         <name>fflush.c.obj</name>
      </input_file>
      <input_file id="fl-57">
         <path>/Applications/ti/ccs1260/ccs/tools/compiler/ti-cgt-armllvm_3.2.1.LTS/lib/armv7em-ti-none-eabi/c/</path>
         <kind>archive</kind>
         <file>libc.a</file>
         <name>fputs.c.obj</name>
      </input_file>
      <input_file id="fl-58">
         <path>/Applications/ti/ccs1260/ccs/tools/compiler/ti-cgt-armllvm_3.2.1.LTS/lib/armv7em-ti-none-eabi/c/</path>
         <kind>archive</kind>
         <file>libc.a</file>
         <name>_io_perm.c.obj</name>
      </input_file>
      <input_file id="fl-59">
         <path>/Applications/ti/ccs1260/ccs/tools/compiler/ti-cgt-armllvm_3.2.1.LTS/lib/armv7em-ti-none-eabi/c/</path>
         <kind>archive</kind>
         <file>libc.a</file>
         <name>setvbuf.c.obj</name>
      </input_file>
      <input_file id="fl-5a">
         <path>/Applications/ti/ccs1260/ccs/tools/compiler/ti-cgt-armllvm_3.2.1.LTS/lib/armv7em-ti-none-eabi/c/</path>
         <kind>archive</kind>
         <file>libc.a</file>
         <name>aeabi_ctype.S.obj</name>
      </input_file>
      <input_file id="fl-5b">
         <path>/Applications/ti/ccs1260/ccs/tools/compiler/ti-cgt-armllvm_3.2.1.LTS/lib/armv7em-ti-none-eabi/c/</path>
         <kind>archive</kind>
         <file>libc.a</file>
         <name>fopen.c.obj</name>
      </input_file>
      <input_file id="fl-5c">
         <path>/Applications/ti/ccs1260/ccs/tools/compiler/ti-cgt-armllvm_3.2.1.LTS/lib/armv7em-ti-none-eabi/c/</path>
         <kind>archive</kind>
         <file>libc.a</file>
         <name>fseek.c.obj</name>
      </input_file>
      <input_file id="fl-5d">
         <path>/Applications/ti/ccs1260/ccs/tools/compiler/ti-cgt-armllvm_3.2.1.LTS/lib/armv7em-ti-none-eabi/c/</path>
         <kind>archive</kind>
         <file>libc.a</file>
         <name>fclose.c.obj</name>
      </input_file>
      <input_file id="fl-c3">
         <path>/Applications/ti/ccs1260/ccs/tools/compiler/ti-cgt-armllvm_3.2.1.LTS/lib/armv7em-ti-none-eabi/c/</path>
         <kind>archive</kind>
         <file>libsysbm.a</file>
         <name>write.c.obj</name>
      </input_file>
      <input_file id="fl-c4">
         <path>/Applications/ti/ccs1260/ccs/tools/compiler/ti-cgt-armllvm_3.2.1.LTS/lib/armv7em-ti-none-eabi/c/</path>
         <kind>archive</kind>
         <file>libsysbm.a</file>
         <name>host_device.c.obj</name>
      </input_file>
      <input_file id="fl-c5">
         <path>/Applications/ti/ccs1260/ccs/tools/compiler/ti-cgt-armllvm_3.2.1.LTS/lib/armv7em-ti-none-eabi/c/</path>
         <kind>archive</kind>
         <file>libsysbm.a</file>
         <name>remove.c.obj</name>
      </input_file>
      <input_file id="fl-c6">
         <path>/Applications/ti/ccs1260/ccs/tools/compiler/ti-cgt-armllvm_3.2.1.LTS/lib/armv7em-ti-none-eabi/c/</path>
         <kind>archive</kind>
         <file>libsysbm.a</file>
         <name>open.c.obj</name>
      </input_file>
      <input_file id="fl-c7">
         <path>/Applications/ti/ccs1260/ccs/tools/compiler/ti-cgt-armllvm_3.2.1.LTS/lib/armv7em-ti-none-eabi/c/</path>
         <kind>archive</kind>
         <file>libsysbm.a</file>
         <name>lseek.c.obj</name>
      </input_file>
      <input_file id="fl-c8">
         <path>/Applications/ti/ccs1260/ccs/tools/compiler/ti-cgt-armllvm_3.2.1.LTS/lib/armv7em-ti-none-eabi/c/</path>
         <kind>archive</kind>
         <file>libsysbm.a</file>
         <name>close.c.obj</name>
      </input_file>
      <input_file id="fl-c9">
         <path>/Applications/ti/ccs1260/ccs/tools/compiler/ti-cgt-armllvm_3.2.1.LTS/lib/armv7em-ti-none-eabi/c/</path>
         <kind>archive</kind>
         <file>libsysbm.a</file>
         <name>unlink.c.obj</name>
      </input_file>
      <input_file id="fl-ca">
         <path>/Applications/ti/ccs1260/ccs/tools/compiler/ti-cgt-armllvm_3.2.1.LTS/lib/armv7em-ti-none-eabi/c/</path>
         <kind>archive</kind>
         <file>libsysbm.a</file>
         <name>hostclose.c.obj</name>
      </input_file>
      <input_file id="fl-cb">
         <path>/Applications/ti/ccs1260/ccs/tools/compiler/ti-cgt-armllvm_3.2.1.LTS/lib/armv7em-ti-none-eabi/c/</path>
         <kind>archive</kind>
         <file>libsysbm.a</file>
         <name>hostlseek.c.obj</name>
      </input_file>
      <input_file id="fl-cc">
         <path>/Applications/ti/ccs1260/ccs/tools/compiler/ti-cgt-armllvm_3.2.1.LTS/lib/armv7em-ti-none-eabi/c/</path>
         <kind>archive</kind>
         <file>libsysbm.a</file>
         <name>hostopen.c.obj</name>
      </input_file>
      <input_file id="fl-cd">
         <path>/Applications/ti/ccs1260/ccs/tools/compiler/ti-cgt-armllvm_3.2.1.LTS/lib/armv7em-ti-none-eabi/c/</path>
         <kind>archive</kind>
         <file>libsysbm.a</file>
         <name>hostread.c.obj</name>
      </input_file>
      <input_file id="fl-ce">
         <path>/Applications/ti/ccs1260/ccs/tools/compiler/ti-cgt-armllvm_3.2.1.LTS/lib/armv7em-ti-none-eabi/c/</path>
         <kind>archive</kind>
         <file>libsysbm.a</file>
         <name>hostrename.c.obj</name>
      </input_file>
      <input_file id="fl-cf">
         <path>/Applications/ti/ccs1260/ccs/tools/compiler/ti-cgt-armllvm_3.2.1.LTS/lib/armv7em-ti-none-eabi/c/</path>
         <kind>archive</kind>
         <file>libsysbm.a</file>
         <name>hostunlink.c.obj</name>
      </input_file>
      <input_file id="fl-d0">
         <path>/Applications/ti/ccs1260/ccs/tools/compiler/ti-cgt-armllvm_3.2.1.LTS/lib/armv7em-ti-none-eabi/c/</path>
         <kind>archive</kind>
         <file>libsysbm.a</file>
         <name>hostwrite.c.obj</name>
      </input_file>
      <input_file id="fl-d1">
         <path>/Applications/ti/ccs1260/ccs/tools/compiler/ti-cgt-armllvm_3.2.1.LTS/lib/armv7em-ti-none-eabi/c/</path>
         <kind>archive</kind>
         <file>libsysbm.a</file>
         <name>trgmsg.c.obj</name>
      </input_file>
      <input_file id="fl-d2">
         <path>/Applications/ti/ccs1260/ccs/tools/compiler/ti-cgt-armllvm_3.2.1.LTS/lib/clang/15.0.7/lib/armv7em-ti-none-eabi/</path>
         <kind>archive</kind>
         <file>libclang_rt.builtins.a</file>
         <name>adddf3.S.obj</name>
      </input_file>
      <input_file id="fl-d3">
         <path>/Applications/ti/ccs1260/ccs/tools/compiler/ti-cgt-armllvm_3.2.1.LTS/lib/clang/15.0.7/lib/armv7em-ti-none-eabi/</path>
         <kind>archive</kind>
         <file>libclang_rt.builtins.a</file>
         <name>muldf3.S.obj</name>
      </input_file>
      <input_file id="fl-d4">
         <path>/Applications/ti/ccs1260/ccs/tools/compiler/ti-cgt-armllvm_3.2.1.LTS/lib/clang/15.0.7/lib/armv7em-ti-none-eabi/</path>
         <kind>archive</kind>
         <file>libclang_rt.builtins.a</file>
         <name>divdf3.S.obj</name>
      </input_file>
      <input_file id="fl-d5">
         <path>/Applications/ti/ccs1260/ccs/tools/compiler/ti-cgt-armllvm_3.2.1.LTS/lib/clang/15.0.7/lib/armv7em-ti-none-eabi/</path>
         <kind>archive</kind>
         <file>libclang_rt.builtins.a</file>
         <name>fixdfsi.S.obj</name>
      </input_file>
      <input_file id="fl-d6">
         <path>/Applications/ti/ccs1260/ccs/tools/compiler/ti-cgt-armllvm_3.2.1.LTS/lib/clang/15.0.7/lib/armv7em-ti-none-eabi/</path>
         <kind>archive</kind>
         <file>libclang_rt.builtins.a</file>
         <name>floatsidf.S.obj</name>
      </input_file>
      <input_file id="fl-d7">
         <path>/Applications/ti/ccs1260/ccs/tools/compiler/ti-cgt-armllvm_3.2.1.LTS/lib/clang/15.0.7/lib/armv7em-ti-none-eabi/</path>
         <kind>archive</kind>
         <file>libclang_rt.builtins.a</file>
         <name>aeabi_dcmp.S.obj</name>
      </input_file>
      <input_file id="fl-d8">
         <path>/Applications/ti/ccs1260/ccs/tools/compiler/ti-cgt-armllvm_3.2.1.LTS/lib/clang/15.0.7/lib/armv7em-ti-none-eabi/</path>
         <kind>archive</kind>
         <file>libclang_rt.builtins.a</file>
         <name>aeabi_memcpy.S.obj</name>
      </input_file>
      <input_file id="fl-d9">
         <path>/Applications/ti/ccs1260/ccs/tools/compiler/ti-cgt-armllvm_3.2.1.LTS/lib/clang/15.0.7/lib/armv7em-ti-none-eabi/</path>
         <kind>archive</kind>
         <file>libclang_rt.builtins.a</file>
         <name>aeabi_memset.S.obj</name>
      </input_file>
      <input_file id="fl-da">
         <path>/Applications/ti/ccs1260/ccs/tools/compiler/ti-cgt-armllvm_3.2.1.LTS/lib/clang/15.0.7/lib/armv7em-ti-none-eabi/</path>
         <kind>archive</kind>
         <file>libclang_rt.builtins.a</file>
         <name>aeabi_uldivmod.S.obj</name>
      </input_file>
      <input_file id="fl-db">
         <path>/Applications/ti/ccs1260/ccs/tools/compiler/ti-cgt-armllvm_3.2.1.LTS/lib/clang/15.0.7/lib/armv7em-ti-none-eabi/</path>
         <kind>archive</kind>
         <file>libclang_rt.builtins.a</file>
         <name>udivmoddi4.S.obj</name>
      </input_file>
      <input_file id="fl-dc">
         <path>/Applications/ti/ccs1260/ccs/tools/compiler/ti-cgt-armllvm_3.2.1.LTS/lib/clang/15.0.7/lib/armv7em-ti-none-eabi/</path>
         <kind>archive</kind>
         <file>libclang_rt.builtins.a</file>
         <name>comparedf2.c.obj</name>
      </input_file>
      <input_file id="fl-dd">
         <path>/Applications/ti/ccs1260/ccs/tools/compiler/ti-cgt-armllvm_3.2.1.LTS/lib/clang/15.0.7/lib/armv7em-ti-none-eabi/</path>
         <kind>archive</kind>
         <file>libclang_rt.builtins.a</file>
         <name>aeabi_div0.c.obj</name>
      </input_file>
      <input_file id="fl-de">
         <path>/Applications/ti/ccs1260/ccs/tools/compiler/ti-cgt-armllvm_3.2.1.LTS/lib/armv7em-ti-none-eabi/c/</path>
         <kind>archive</kind>
         <file>libc.a</file>
         <name>getdevice.c.obj</name>
      </input_file>
      <input_file id="fl-df">
         <path>/Applications/ti/ccs1260/ccs/tools/compiler/ti-cgt-armllvm_3.2.1.LTS/lib/armv7em-ti-none-eabi/c/</path>
         <kind>archive</kind>
         <file>libc.a</file>
         <name>memcpy_t2.S.obj</name>
      </input_file>
      <input_file id="fl-e0">
         <path>/Applications/ti/ccs1260/ccs/tools/compiler/ti-cgt-armllvm_3.2.1.LTS/lib/armv7em-ti-none-eabi/c/</path>
         <kind>archive</kind>
         <file>libc.a</file>
         <name>memset_t2.S.obj</name>
      </input_file>
      <input_file id="fl-e1">
         <path>/Applications/ti/ccs1260/ccs/tools/compiler/ti-cgt-armllvm_3.2.1.LTS/lib/armv7em-ti-none-eabi/c/</path>
         <kind>archive</kind>
         <file>libc.a</file>
         <name>strcmp_t2.S.obj</name>
      </input_file>
   </input_file_list>
   <object_component_list>
      <object_component id="oc-1f4">
         <name>.text:__TI_printfi_nofloat</name>
         <load_address>0x2000c040</load_address>
         <readonly>true</readonly>
         <executable>true</executable>
         <run_address>0x2000c040</run_address>
         <size>0x86c</size>
         <alignment>0x4</alignment>
         <input_file_ref idref="fl-48"/>
      </object_component>
      <object_component id="oc-d0">
         <name>.text.PRCMCC3200MCUInit</name>
         <load_address>0x2000c8ac</load_address>
         <readonly>true</readonly>
         <executable>true</executable>
         <run_address>0x2000c8ac</run_address>
         <size>0x4b8</size>
         <alignment>0x2</alignment>
         <input_file_ref idref="fl-2b"/>
      </object_component>
      <object_component id="oc-1c9">
         <name>.text.Power_sleep</name>
         <load_address>0x2000cd64</load_address>
         <readonly>true</readonly>
         <executable>true</executable>
         <run_address>0x2000cd64</run_address>
         <size>0x410</size>
         <alignment>0x4</alignment>
         <input_file_ref idref="fl-19"/>
      </object_component>
      <object_component id="oc-238">
         <name>.text.UARTCC32XX_open</name>
         <load_address>0x2000d174</load_address>
         <readonly>true</readonly>
         <executable>true</executable>
         <run_address>0x2000d174</run_address>
         <size>0x240</size>
         <alignment>0x4</alignment>
         <input_file_ref idref="fl-1c"/>
      </object_component>
      <object_component id="oc-148">
         <name>.text.GPIO_setConfig</name>
         <load_address>0x2000d3b4</load_address>
         <readonly>true</readonly>
         <executable>true</executable>
         <run_address>0x2000d3b4</run_address>
         <size>0x1b8</size>
         <alignment>0x4</alignment>
         <input_file_ref idref="fl-17"/>
      </object_component>
      <object_component id="oc-16e">
         <name>.text.PowerCC32XX_sleepPolicy</name>
         <load_address>0x2000d56c</load_address>
         <readonly>true</readonly>
         <executable>true</executable>
         <run_address>0x2000d56c</run_address>
         <size>0x16c</size>
         <alignment>0x4</alignment>
         <input_file_ref idref="fl-23"/>
      </object_component>
      <object_component id="oc-e6">
         <name>.text.initI2C</name>
         <load_address>0x2000d6d8</load_address>
         <readonly>true</readonly>
         <executable>true</executable>
         <run_address>0x2000d6d8</run_address>
         <size>0x16c</size>
         <alignment>0x4</alignment>
         <input_file_ref idref="fl-1"/>
      </object_component>
      <object_component id="oc-18b">
         <name>.text.I2CCC32XX_hwiFxn</name>
         <load_address>0x2000d844</load_address>
         <readonly>true</readonly>
         <executable>true</executable>
         <run_address>0x2000d844</run_address>
         <size>0x138</size>
         <alignment>0x2</alignment>
         <input_file_ref idref="fl-18"/>
      </object_component>
      <object_component id="oc-194">
         <name>.text.I2C_transferTimeout</name>
         <load_address>0x2000d97c</load_address>
         <readonly>true</readonly>
         <executable>true</executable>
         <run_address>0x2000d97c</run_address>
         <size>0x126</size>
         <alignment>0x2</alignment>
         <input_file_ref idref="fl-14"/>
      </object_component>
      <object_component id="oc-da">
         <name>.text.Board_initHook</name>
         <load_address>0x2000daa2</load_address>
         <readonly>true</readonly>
         <executable>true</executable>
         <run_address>0x2000daa2</run_address>
         <size>0x2</size>
         <alignment>0x2</alignment>
         <input_file_ref idref="fl-2"/>
      </object_component>
      <object_component id="oc-27d">
         <name>.text.TimerCC32XX_open</name>
         <load_address>0x2000daa4</load_address>
         <readonly>true</readonly>
         <executable>true</executable>
         <run_address>0x2000daa4</run_address>
         <size>0x120</size>
         <alignment>0x4</alignment>
         <input_file_ref idref="fl-1b"/>
      </object_component>
      <object_component id="oc-274">
         <name>.text.aligned_alloc</name>
         <load_address>0x2000dbc4</load_address>
         <readonly>true</readonly>
         <executable>true</executable>
         <run_address>0x2000dbc4</run_address>
         <size>0x120</size>
         <alignment>0x4</alignment>
         <input_file_ref idref="fl-3f"/>
      </object_component>
      <object_component id="oc-214">
         <name>.text.__muldf3</name>
         <load_address>0x2000dce4</load_address>
         <readonly>true</readonly>
         <executable>true</executable>
         <run_address>0x2000dce4</run_address>
         <size>0xfc</size>
         <alignment>0x4</alignment>
         <input_file_ref idref="fl-d3"/>
      </object_component>
      <object_component id="oc-124">
         <name>.text.I2C_open</name>
         <load_address>0x2000dde0</load_address>
         <readonly>true</readonly>
         <executable>true</executable>
         <run_address>0x2000dde0</run_address>
         <size>0xf4</size>
         <alignment>0x4</alignment>
         <input_file_ref idref="fl-18"/>
      </object_component>
      <object_component id="oc-1fd">
         <name>.text.free</name>
         <load_address>0x2000ded4</load_address>
         <readonly>true</readonly>
         <executable>true</executable>
         <run_address>0x2000ded4</run_address>
         <size>0xf0</size>
         <alignment>0x4</alignment>
         <input_file_ref idref="fl-3f"/>
      </object_component>
      <object_component id="oc-231">
         <name>.text.UARTCC32XX_close</name>
         <load_address>0x2000dfc4</load_address>
         <readonly>true</readonly>
         <executable>true</executable>
         <run_address>0x2000dfc4</run_address>
         <size>0xe8</size>
         <alignment>0x4</alignment>
         <input_file_ref idref="fl-1c"/>
      </object_component>
      <object_component id="oc-23c">
         <name>.text.UARTCC32XX_write</name>
         <load_address>0x2000e0ac</load_address>
         <readonly>true</readonly>
         <executable>true</executable>
         <run_address>0x2000e0ac</run_address>
         <size>0xe2</size>
         <alignment>0x2</alignment>
         <input_file_ref idref="fl-1c"/>
      </object_component>
      <object_component id="oc-11e">
         <name>.text.I2C_init</name>
         <load_address>0x2000e18e</load_address>
         <readonly>true</readonly>
         <executable>true</executable>
         <run_address>0x2000e18e</run_address>
         <size>0x2</size>
         <alignment>0x2</alignment>
         <input_file_ref idref="fl-14"/>
      </object_component>
      <object_component id="oc-236">
         <name>.text.UARTCC32XX_control</name>
         <load_address>0x2000e190</load_address>
         <readonly>true</readonly>
         <executable>true</executable>
         <run_address>0x2000e190</run_address>
         <size>0xd0</size>
         <alignment>0x4</alignment>
         <input_file_ref idref="fl-1c"/>
      </object_component>
      <object_component id="oc-309">
         <name>.text.readTaskCallback</name>
         <load_address>0x2000e260</load_address>
         <readonly>true</readonly>
         <executable>true</executable>
         <run_address>0x2000e260</run_address>
         <size>0xb2</size>
         <alignment>0x2</alignment>
         <input_file_ref idref="fl-1c"/>
      </object_component>
      <object_component id="oc-169">
         <name>.text.PowerCC32XX_initPolicy</name>
         <load_address>0x2000e312</load_address>
         <readonly>true</readonly>
         <executable>true</executable>
         <run_address>0x2000e312</run_address>
         <size>0x2</size>
         <alignment>0x2</alignment>
         <input_file_ref idref="fl-23"/>
      </object_component>
      <object_component id="oc-13f">
         <name>.text.GPIO_init</name>
         <load_address>0x2000e314</load_address>
         <readonly>true</readonly>
         <executable>true</executable>
         <run_address>0x2000e314</run_address>
         <size>0xb0</size>
         <alignment>0x4</alignment>
         <input_file_ref idref="fl-17"/>
      </object_component>
      <object_component id="oc-223">
         <name>.text</name>
         <load_address>0x2000e3c4</load_address>
         <readonly>true</readonly>
         <executable>true</executable>
         <run_address>0x2000e3c4</run_address>
         <size>0xb0</size>
         <alignment>0x4</alignment>
         <input_file_ref idref="fl-db"/>
      </object_component>
      <object_component id="oc-1ed">
         <name>.text.I2CCC32XX_completeTransfer</name>
         <load_address>0x2000e474</load_address>
         <readonly>true</readonly>
         <executable>true</executable>
         <run_address>0x2000e474</run_address>
         <size>0xac</size>
         <alignment>0x2</alignment>
         <input_file_ref idref="fl-18"/>
      </object_component>
      <object_component id="oc-306">
         <name>.text.readTaskBlocking</name>
         <load_address>0x2000e520</load_address>
         <readonly>true</readonly>
         <executable>true</executable>
         <run_address>0x2000e520</run_address>
         <size>0xac</size>
         <alignment>0x2</alignment>
         <input_file_ref idref="fl-1c"/>
      </object_component>
      <object_component id="oc-2b3">
         <name>.text.writeData</name>
         <load_address>0x2000e5cc</load_address>
         <readonly>true</readonly>
         <executable>true</executable>
         <run_address>0x2000e5cc</run_address>
         <size>0xa8</size>
         <alignment>0x2</alignment>
         <input_file_ref idref="fl-1c"/>
      </object_component>
      <object_component id="oc-23a">
         <name>.text.UARTCC32XX_readPolling</name>
         <load_address>0x2000e674</load_address>
         <readonly>true</readonly>
         <executable>true</executable>
         <run_address>0x2000e674</run_address>
         <size>0xa6</size>
         <alignment>0x2</alignment>
         <input_file_ref idref="fl-1c"/>
      </object_component>
      <object_component id="oc-307">
         <name>.text.readIsrTextBlocking</name>
         <load_address>0x2000e71a</load_address>
         <readonly>true</readonly>
         <executable>true</executable>
         <run_address>0x2000e71a</run_address>
         <size>0xa6</size>
         <alignment>0x2</alignment>
         <input_file_ref idref="fl-1c"/>
      </object_component>
      <object_component id="oc-293">
         <name>.text.IntPendSet</name>
         <load_address>0x2000e7c0</load_address>
         <readonly>true</readonly>
         <executable>true</executable>
         <run_address>0x2000e7c0</run_address>
         <size>0xa4</size>
         <alignment>0x2</alignment>
         <input_file_ref idref="fl-29"/>
      </object_component>
      <object_component id="oc-1a3">
         <name>.text.PinConfigSet</name>
         <load_address>0x2000e864</load_address>
         <readonly>true</readonly>
         <executable>true</executable>
         <run_address>0x2000e864</run_address>
         <size>0xa2</size>
         <alignment>0x2</alignment>
         <input_file_ref idref="fl-2a"/>
      </object_component>
      <object_component id="oc-30a">
         <name>.text.readIsrTextCallback</name>
         <load_address>0x2000e906</load_address>
         <readonly>true</readonly>
         <executable>true</executable>
         <run_address>0x2000e906</run_address>
         <size>0x9a</size>
         <alignment>0x2</alignment>
         <input_file_ref idref="fl-1c"/>
      </object_component>
      <object_component id="oc-22b">
         <name>.text</name>
         <load_address>0x2000e9a0</load_address>
         <readonly>true</readonly>
         <executable>true</executable>
         <run_address>0x2000e9a0</run_address>
         <size>0x96</size>
         <alignment>0x10</alignment>
         <input_file_ref idref="fl-1a"/>
      </object_component>
      <object_component id="oc-27c">
         <name>.text.TimerCC32XX_init</name>
         <load_address>0x2000ea36</load_address>
         <readonly>true</readonly>
         <executable>true</executable>
         <run_address>0x2000ea36</run_address>
         <size>0x2</size>
         <alignment>0x2</alignment>
         <input_file_ref idref="fl-1b"/>
      </object_component>
      <object_component id="oc-10b">
         <name>.text.PowerCC32XX_configureWakeup</name>
         <load_address>0x2000ea38</load_address>
         <readonly>true</readonly>
         <executable>true</executable>
         <run_address>0x2000ea38</run_address>
         <size>0x94</size>
         <alignment>0x4</alignment>
         <input_file_ref idref="fl-19"/>
      </object_component>
      <object_component id="oc-19a">
         <name>.text.SemaphoreP_pend</name>
         <load_address>0x2000eacc</load_address>
         <readonly>true</readonly>
         <executable>true</executable>
         <run_address>0x2000eacc</run_address>
         <size>0x94</size>
         <alignment>0x4</alignment>
         <input_file_ref idref="fl-20"/>
      </object_component>
      <object_component id="oc-19e">
         <name>.text.powerNotifyFxn</name>
         <load_address>0x2000eb60</load_address>
         <readonly>true</readonly>
         <executable>true</executable>
         <run_address>0x2000eb60</run_address>
         <size>0x94</size>
         <alignment>0x4</alignment>
         <input_file_ref idref="fl-17"/>
      </object_component>
      <object_component id="oc-f9">
         <name>.text.PRCMSysResetCauseGet</name>
         <load_address>0x2000ebf4</load_address>
         <readonly>true</readonly>
         <executable>true</executable>
         <run_address>0x2000ebf4</run_address>
         <size>0x8e</size>
         <alignment>0x2</alignment>
         <input_file_ref idref="fl-2b"/>
      </object_component>
      <object_component id="oc-237">
         <name>.text.UARTCC32XX_init</name>
         <load_address>0x2000ec82</load_address>
         <readonly>true</readonly>
         <executable>true</executable>
         <run_address>0x2000ec82</run_address>
         <size>0x2</size>
         <alignment>0x2</alignment>
         <input_file_ref idref="fl-1c"/>
      </object_component>
      <object_component id="oc-2a6">
         <name>.text.initHw</name>
         <load_address>0x2000ec84</load_address>
         <readonly>true</readonly>
         <executable>true</executable>
         <run_address>0x2000ec84</run_address>
         <size>0x8c</size>
         <alignment>0x4</alignment>
         <input_file_ref idref="fl-1c"/>
      </object_component>
      <object_component id="oc-1b5">
         <name>.text.readTemp</name>
         <load_address>0x2000ed10</load_address>
         <readonly>true</readonly>
         <executable>true</executable>
         <run_address>0x2000ed10</run_address>
         <size>0x88</size>
         <alignment>0x4</alignment>
         <input_file_ref idref="fl-1"/>
      </object_component>
      <object_component id="oc-186">
         <name>.text.I2CCC32XX_initHw</name>
         <load_address>0x2000ed98</load_address>
         <readonly>true</readonly>
         <executable>true</executable>
         <run_address>0x2000ed98</run_address>
         <size>0x80</size>
         <alignment>0x4</alignment>
         <input_file_ref idref="fl-18"/>
      </object_component>
      <object_component id="oc-27e">
         <name>.text.TimerCC32XX_setPeriod</name>
         <load_address>0x2000ee18</load_address>
         <readonly>true</readonly>
         <executable>true</executable>
         <run_address>0x2000ee18</run_address>
         <size>0x80</size>
         <alignment>0x4</alignment>
         <input_file_ref idref="fl-1b"/>
      </object_component>
      <object_component id="oc-17f">
         <name>.text.HwiP_construct</name>
         <load_address>0x2000ee98</load_address>
         <readonly>true</readonly>
         <executable>true</executable>
         <run_address>0x2000ee98</run_address>
         <size>0x7c</size>
         <alignment>0x4</alignment>
         <input_file_ref idref="fl-22"/>
      </object_component>
      <object_component id="oc-d5">
         <name>.text.Power_init</name>
         <load_address>0x2000ef14</load_address>
         <readonly>true</readonly>
         <executable>true</executable>
         <run_address>0x2000ef14</run_address>
         <size>0x78</size>
         <alignment>0x4</alignment>
         <input_file_ref idref="fl-19"/>
      </object_component>
      <object_component id="oc-27f">
         <name>.text.TimerCC32XX_start</name>
         <load_address>0x2000ef8c</load_address>
         <readonly>true</readonly>
         <executable>true</executable>
         <run_address>0x2000ef8c</run_address>
         <size>0x76</size>
         <alignment>0x2</alignment>
         <input_file_ref idref="fl-1b"/>
      </object_component>
      <object_component id="oc-305">
         <name>.text.readIsrBinaryBlocking</name>
         <load_address>0x2000f002</load_address>
         <readonly>true</readonly>
         <executable>true</executable>
         <run_address>0x2000f002</run_address>
         <size>0x76</size>
         <alignment>0x2</alignment>
         <input_file_ref idref="fl-1c"/>
      </object_component>
      <object_component id="oc-17b">
         <name>.text.Power_setDependency</name>
         <load_address>0x2000f078</load_address>
         <readonly>true</readonly>
         <executable>true</executable>
         <run_address>0x2000f078</run_address>
         <size>0x74</size>
         <alignment>0x4</alignment>
         <input_file_ref idref="fl-19"/>
      </object_component>
      <object_component id="oc-1ac">
         <name>.text.GPIO_hwiIntFxn</name>
         <load_address>0x2000f0ec</load_address>
         <readonly>true</readonly>
         <executable>true</executable>
         <run_address>0x2000f0ec</run_address>
         <size>0x70</size>
         <alignment>0x4</alignment>
         <input_file_ref idref="fl-17"/>
      </object_component>
      <object_component id="oc-16">
         <name>.text:decompress:lzss</name>
         <load_address>0x2000f15c</load_address>
         <readonly>true</readonly>
         <executable>true</executable>
         <run_address>0x2000f15c</run_address>
         <size>0x70</size>
         <alignment>0x2</alignment>
         <input_file_ref idref="fl-47"/>
      </object_component>
      <object_component id="oc-308">
         <name>.text.readIsrBinaryCallback</name>
         <load_address>0x2000f1cc</load_address>
         <readonly>true</readonly>
         <executable>true</executable>
         <run_address>0x2000f1cc</run_address>
         <size>0x6e</size>
         <alignment>0x2</alignment>
         <input_file_ref idref="fl-1c"/>
      </object_component>
      <object_component id="oc-286">
         <name>.text.__aeabi_ldiv0</name>
         <load_address>0x2000f23a</load_address>
         <readonly>true</readonly>
         <executable>true</executable>
         <run_address>0x2000f23a</run_address>
         <size>0x2</size>
         <alignment>0x2</alignment>
         <input_file_ref idref="fl-dd"/>
      </object_component>
      <object_component id="oc-159">
         <name>.text.heatOnOff</name>
         <load_address>0x2000f23c</load_address>
         <readonly>true</readonly>
         <executable>true</executable>
         <run_address>0x2000f23c</run_address>
         <size>0x6c</size>
         <alignment>0x4</alignment>
         <input_file_ref idref="fl-1"/>
      </object_component>
      <object_component id="oc-ae">
         <name>.text.mainThread</name>
         <load_address>0x2000f2a8</load_address>
         <readonly>true</readonly>
         <executable>true</executable>
         <run_address>0x2000f2a8</run_address>
         <size>0x6c</size>
         <alignment>0x4</alignment>
         <input_file_ref idref="fl-1"/>
      </object_component>
      <object_component id="oc-2e6">
         <name>.text.split</name>
         <load_address>0x2000f314</load_address>
         <readonly>true</readonly>
         <executable>true</executable>
         <run_address>0x2000f314</run_address>
         <size>0x6c</size>
         <alignment>0x4</alignment>
         <input_file_ref idref="fl-3f"/>
      </object_component>
      <object_component id="oc-1ea">
         <name>.text.I2CCC32XX_primeReadBurst</name>
         <load_address>0x2000f380</load_address>
         <readonly>true</readonly>
         <executable>true</executable>
         <run_address>0x2000f380</run_address>
         <size>0x6a</size>
         <alignment>0x2</alignment>
         <input_file_ref idref="fl-18"/>
      </object_component>
      <object_component id="oc-101">
         <name>.text.PRCMPeripheralReset</name>
         <load_address>0x2000f3ea</load_address>
         <readonly>true</readonly>
         <executable>true</executable>
         <run_address>0x2000f3ea</run_address>
         <size>0x6a</size>
         <alignment>0x2</alignment>
         <input_file_ref idref="fl-2b"/>
      </object_component>
      <object_component id="oc-1eb">
         <name>.text.I2CCC32XX_primeWriteBurst</name>
         <load_address>0x2000f454</load_address>
         <readonly>true</readonly>
         <executable>true</executable>
         <run_address>0x2000f454</run_address>
         <size>0x66</size>
         <alignment>0x2</alignment>
         <input_file_ref idref="fl-18"/>
      </object_component>
      <object_component id="oc-2a9">
         <name>.text.UARTCC32XX_hwiIntFxn</name>
         <load_address>0x2000f4ba</load_address>
         <readonly>true</readonly>
         <executable>true</executable>
         <run_address>0x2000f4ba</run_address>
         <size>0x66</size>
         <alignment>0x2</alignment>
         <input_file_ref idref="fl-1c"/>
      </object_component>
      <object_component id="oc-222">
         <name>.text.ClockP_startup</name>
         <load_address>0x2000f520</load_address>
         <readonly>true</readonly>
         <executable>true</executable>
         <run_address>0x2000f520</run_address>
         <size>0x64</size>
         <alignment>0x4</alignment>
         <input_file_ref idref="fl-21"/>
      </object_component>
      <object_component id="oc-23e">
         <name>.text.UARTCC32XX_writeCancel</name>
         <load_address>0x2000f584</load_address>
         <readonly>true</readonly>
         <executable>true</executable>
         <run_address>0x2000f584</run_address>
         <size>0x64</size>
         <alignment>0x2</alignment>
         <input_file_ref idref="fl-1c"/>
      </object_component>
      <object_component id="oc-280">
         <name>.text.TimerCC32XX_stop</name>
         <load_address>0x2000f5e8</load_address>
         <readonly>true</readonly>
         <executable>true</executable>
         <run_address>0x2000f5e8</run_address>
         <size>0x60</size>
         <alignment>0x2</alignment>
         <input_file_ref idref="fl-1b"/>
      </object_component>
      <object_component id="oc-28e">
         <name>.text.FlashDisable</name>
         <load_address>0x2000f648</load_address>
         <readonly>true</readonly>
         <executable>true</executable>
         <run_address>0x2000f648</run_address>
         <size>0x5c</size>
         <alignment>0x2</alignment>
         <input_file_ref idref="fl-2f"/>
      </object_component>
      <object_component id="oc-1f8">
         <name>.text.I2CSupport_primeTransfer</name>
         <load_address>0x2000f6a4</load_address>
         <readonly>true</readonly>
         <executable>true</executable>
         <run_address>0x2000f6a4</run_address>
         <size>0x5c</size>
         <alignment>0x2</alignment>
         <input_file_ref idref="fl-18"/>
      </object_component>
      <object_component id="oc-e7">
         <name>.text.initGPIO</name>
         <load_address>0x2000f700</load_address>
         <readonly>true</readonly>
         <executable>true</executable>
         <run_address>0x2000f700</run_address>
         <size>0x5c</size>
         <alignment>0x4</alignment>
         <input_file_ref idref="fl-1"/>
      </object_component>
      <object_component id="oc-100">
         <name>.text.PRCMPeripheralClkEnable</name>
         <load_address>0x2000f75c</load_address>
         <readonly>true</readonly>
         <executable>true</executable>
         <run_address>0x2000f75c</run_address>
         <size>0x5a</size>
         <alignment>0x2</alignment>
         <input_file_ref idref="fl-2b"/>
      </object_component>
      <object_component id="oc-23d">
         <name>.text.UARTCC32XX_writePolling</name>
         <load_address>0x2000f7b6</load_address>
         <readonly>true</readonly>
         <executable>true</executable>
         <run_address>0x2000f7b6</run_address>
         <size>0x5a</size>
         <alignment>0x2</alignment>
         <input_file_ref idref="fl-1c"/>
      </object_component>
      <object_component id="oc-145">
         <name>.text.GPIO_write</name>
         <load_address>0x2000f810</load_address>
         <readonly>true</readonly>
         <executable>true</executable>
         <run_address>0x2000f810</run_address>
         <size>0x58</size>
         <alignment>0x4</alignment>
         <input_file_ref idref="fl-17"/>
      </object_component>
      <object_component id="oc-297">
         <name>.text.Power_releaseDependency</name>
         <load_address>0x2000f868</load_address>
         <readonly>true</readonly>
         <executable>true</executable>
         <run_address>0x2000f868</run_address>
         <size>0x58</size>
         <alignment>0x4</alignment>
         <input_file_ref idref="fl-19"/>
      </object_component>
      <object_component id="oc-22f">
         <name>.text.PRCMLPDSEnter</name>
         <load_address>0x2000f8c0</load_address>
         <readonly>true</readonly>
         <executable>true</executable>
         <run_address>0x2000f8c0</run_address>
         <size>0x56</size>
         <alignment>0x2</alignment>
         <input_file_ref idref="fl-2b"/>
      </object_component>
      <object_component id="oc-15a">
         <name>.text._nop</name>
         <load_address>0x2000f916</load_address>
         <readonly>true</readonly>
         <executable>true</executable>
         <run_address>0x2000f916</run_address>
         <size>0x2</size>
         <alignment>0x2</alignment>
         <input_file_ref idref="fl-4c"/>
      </object_component>
      <object_component id="oc-20a">
         <name>.text.PowerCC32XX_setParkState</name>
         <load_address>0x2000f918</load_address>
         <readonly>true</readonly>
         <executable>true</executable>
         <run_address>0x2000f918</run_address>
         <size>0x54</size>
         <alignment>0x4</alignment>
         <input_file_ref idref="fl-19"/>
      </object_component>
      <object_component id="oc-1db">
         <name>.text.SemaphoreP_construct</name>
         <load_address>0x2000f96c</load_address>
         <readonly>true</readonly>
         <executable>true</executable>
         <run_address>0x2000f96c</run_address>
         <size>0x54</size>
         <alignment>0x4</alignment>
         <input_file_ref idref="fl-20"/>
      </object_component>
      <object_component id="oc-147">
         <name>.text.GPIO_enableInt</name>
         <load_address>0x2000f9c0</load_address>
         <readonly>true</readonly>
         <executable>true</executable>
         <run_address>0x2000f9c0</run_address>
         <size>0x50</size>
         <alignment>0x4</alignment>
         <input_file_ref idref="fl-17"/>
      </object_component>
      <object_component id="oc-146">
         <name>.text.GPIO_setCallback</name>
         <load_address>0x2000fa10</load_address>
         <readonly>true</readonly>
         <executable>true</executable>
         <run_address>0x2000fa10</run_address>
         <size>0x50</size>
         <alignment>0x4</alignment>
         <input_file_ref idref="fl-17"/>
      </object_component>
      <object_component id="oc-28d">
         <name>.text.PRCMLPDSRestoreInfoSet</name>
         <load_address>0x2000fa60</load_address>
         <readonly>true</readonly>
         <executable>true</executable>
         <run_address>0x2000fa60</run_address>
         <size>0x4c</size>
         <alignment>0x2</alignment>
         <input_file_ref idref="fl-2b"/>
      </object_component>
      <object_component id="oc-2e9">
         <name>.text.TimerCC32XX_allocateTimerResource</name>
         <load_address>0x2000faac</load_address>
         <readonly>true</readonly>
         <executable>true</executable>
         <run_address>0x2000faac</run_address>
         <size>0x4c</size>
         <alignment>0x4</alignment>
         <input_file_ref idref="fl-1b"/>
      </object_component>
      <object_component id="oc-2eb">
         <name>.text.initHw</name>
         <load_address>0x2000faf8</load_address>
         <readonly>true</readonly>
         <executable>true</executable>
         <run_address>0x2000faf8</run_address>
         <size>0x4c</size>
         <alignment>0x2</alignment>
         <input_file_ref idref="fl-1b"/>
      </object_component>
      <object_component id="oc-324">
         <name>.text.ringBufGet</name>
         <load_address>0x2000fb44</load_address>
         <readonly>true</readonly>
         <executable>true</executable>
         <run_address>0x2000fb44</run_address>
         <size>0x4c</size>
         <alignment>0x2</alignment>
         <input_file_ref idref="fl-1c"/>
      </object_component>
      <object_component id="oc-22a">
         <name>.text.PowerCC32XX_parkPin</name>
         <load_address>0x2000fb90</load_address>
         <readonly>true</readonly>
         <executable>true</executable>
         <run_address>0x2000fb90</run_address>
         <size>0x4a</size>
         <alignment>0x2</alignment>
         <input_file_ref idref="fl-19"/>
      </object_component>
      <object_component id="oc-1c4">
         <name>.text.getCountsRTC</name>
         <load_address>0x2000fbda</load_address>
         <readonly>true</readonly>
         <executable>true</executable>
         <run_address>0x2000fbda</run_address>
         <size>0x4a</size>
         <alignment>0x2</alignment>
         <input_file_ref idref="fl-23"/>
      </object_component>
      <object_component id="oc-2ea">
         <name>.text.getPrescaler</name>
         <load_address>0x2000fc24</load_address>
         <readonly>true</readonly>
         <executable>true</executable>
         <run_address>0x2000fc24</run_address>
         <size>0x4a</size>
         <alignment>0x2</alignment>
         <input_file_ref idref="fl-1b"/>
      </object_component>
      <object_component id="oc-55">
         <name>.text.busFaultHandler</name>
         <load_address>0x2000fc6e</load_address>
         <readonly>true</readonly>
         <executable>true</executable>
         <run_address>0x2000fc6e</run_address>
         <size>0x2</size>
         <alignment>0x2</alignment>
         <input_file_ref idref="fl-24"/>
      </object_component>
      <object_component id="oc-56">
         <name>.text.ClockP_sysTickHandler</name>
         <load_address>0x2000fc70</load_address>
         <readonly>true</readonly>
         <executable>true</executable>
         <run_address>0x2000fc70</run_address>
         <size>0x48</size>
         <alignment>0x4</alignment>
         <input_file_ref idref="fl-21"/>
      </object_component>
      <object_component id="oc-218">
         <name>.text.__fixdfsi</name>
         <load_address>0x2000fcb8</load_address>
         <readonly>true</readonly>
         <executable>true</executable>
         <run_address>0x2000fcb8</run_address>
         <size>0x48</size>
         <alignment>0x4</alignment>
         <input_file_ref idref="fl-d5"/>
      </object_component>
      <object_component id="oc-1e8">
         <name>.text.I2CCC32XX_fillTransmitFifo</name>
         <load_address>0x2000fd00</load_address>
         <readonly>true</readonly>
         <executable>true</executable>
         <run_address>0x2000fd00</run_address>
         <size>0x46</size>
         <alignment>0x2</alignment>
         <input_file_ref idref="fl-18"/>
      </object_component>
      <object_component id="oc-22e">
         <name>.text.PRCMLPDSEnterKeepDebugIf</name>
         <load_address>0x2000fd46</load_address>
         <readonly>true</readonly>
         <executable>true</executable>
         <run_address>0x2000fd46</run_address>
         <size>0x46</size>
         <alignment>0x2</alignment>
         <input_file_ref idref="fl-2b"/>
      </object_component>
      <object_component id="oc-322">
         <name>.text.RingBuf_put</name>
         <load_address>0x2000fd8c</load_address>
         <readonly>true</readonly>
         <executable>true</executable>
         <run_address>0x2000fd8c</run_address>
         <size>0x46</size>
         <alignment>0x2</alignment>
         <input_file_ref idref="fl-1e"/>
      </object_component>
      <object_component id="oc-204">
         <name>.text.clkFxn</name>
         <load_address>0x2000fdd2</load_address>
         <readonly>true</readonly>
         <executable>true</executable>
         <run_address>0x2000fdd2</run_address>
         <size>0x2</size>
         <alignment>0x2</alignment>
         <input_file_ref idref="fl-20"/>
      </object_component>
      <object_component id="oc-24c">
         <name>.text.Power_releaseConstraint</name>
         <load_address>0x2000fdd4</load_address>
         <readonly>true</readonly>
         <executable>true</executable>
         <run_address>0x2000fdd4</run_address>
         <size>0x44</size>
         <alignment>0x4</alignment>
         <input_file_ref idref="fl-19"/>
      </object_component>
      <object_component id="oc-14c">
         <name>.text.Timer_init</name>
         <load_address>0x2000fe18</load_address>
         <readonly>true</readonly>
         <executable>true</executable>
         <run_address>0x2000fe18</run_address>
         <size>0x44</size>
         <alignment>0x4</alignment>
         <input_file_ref idref="fl-15"/>
      </object_component>
      <object_component id="oc-114">
         <name>.text.UART_init</name>
         <load_address>0x2000fe5c</load_address>
         <readonly>true</readonly>
         <executable>true</executable>
         <run_address>0x2000fe5c</run_address>
         <size>0x44</size>
         <alignment>0x4</alignment>
         <input_file_ref idref="fl-16"/>
      </object_component>
      <object_component id="oc-e8">
         <name>.text.initTimer</name>
         <load_address>0x2000fea0</load_address>
         <readonly>true</readonly>
         <executable>true</executable>
         <run_address>0x2000fea0</run_address>
         <size>0x44</size>
         <alignment>0x4</alignment>
         <input_file_ref idref="fl-1"/>
      </object_component>
      <object_component id="oc-12b">
         <name>.text.snprintf</name>
         <load_address>0x2000fee4</load_address>
         <readonly>true</readonly>
         <executable>true</executable>
         <run_address>0x2000fee4</run_address>
         <size>0x44</size>
         <alignment>0x4</alignment>
         <input_file_ref idref="fl-3e"/>
      </object_component>
      <object_component id="oc-108">
         <name>.text.PinModeSet</name>
         <load_address>0x2000ff28</load_address>
         <readonly>true</readonly>
         <executable>true</executable>
         <run_address>0x2000ff28</run_address>
         <size>0x42</size>
         <alignment>0x2</alignment>
         <input_file_ref idref="fl-2a"/>
      </object_component>
      <object_component id="oc-31d">
         <name>.text.TimerControlStall</name>
         <load_address>0x2000ff6a</load_address>
         <readonly>true</readonly>
         <executable>true</executable>
         <run_address>0x2000ff6a</run_address>
         <size>0x42</size>
         <alignment>0x2</alignment>
         <input_file_ref idref="fl-2c"/>
      </object_component>
      <object_component id="oc-301">
         <name>.text.ClockP_construct</name>
         <load_address>0x2000ffac</load_address>
         <readonly>true</readonly>
         <executable>true</executable>
         <run_address>0x2000ffac</run_address>
         <size>0x40</size>
         <alignment>0x2</alignment>
         <input_file_ref idref="fl-21"/>
      </object_component>
      <object_component id="oc-273">
         <name>.text.ClockP_stop</name>
         <load_address>0x2000ffec</load_address>
         <readonly>true</readonly>
         <executable>true</executable>
         <run_address>0x2000ffec</run_address>
         <size>0x40</size>
         <alignment>0x4</alignment>
         <input_file_ref idref="fl-21"/>
      </object_component>
      <object_component id="oc-19b">
         <name>.text.SemaphoreP_post</name>
         <load_address>0x2001002c</load_address>
         <readonly>true</readonly>
         <executable>true</executable>
         <run_address>0x2001002c</run_address>
         <size>0x40</size>
         <alignment>0x4</alignment>
         <input_file_ref idref="fl-20"/>
      </object_component>
      <object_component id="oc-153">
         <name>.text.Timer_open</name>
         <load_address>0x2001006c</load_address>
         <readonly>true</readonly>
         <executable>true</executable>
         <run_address>0x2001006c</run_address>
         <size>0x40</size>
         <alignment>0x4</alignment>
         <input_file_ref idref="fl-15"/>
      </object_component>
      <object_component id="oc-11b">
         <name>.text.UART_open</name>
         <load_address>0x200100ac</load_address>
         <readonly>true</readonly>
         <executable>true</executable>
         <run_address>0x200100ac</run_address>
         <size>0x40</size>
         <alignment>0x4</alignment>
         <input_file_ref idref="fl-16"/>
      </object_component>
      <object_component id="oc-256">
         <name>.text.atoi</name>
         <load_address>0x200100ec</load_address>
         <readonly>true</readonly>
         <executable>true</executable>
         <run_address>0x200100ec</run_address>
         <size>0x40</size>
         <alignment>0x4</alignment>
         <input_file_ref idref="fl-50"/>
      </object_component>
      <object_component id="oc-2ad">
         <name>.text.RingBuf_get</name>
         <load_address>0x2001012c</load_address>
         <readonly>true</readonly>
         <executable>true</executable>
         <run_address>0x2001012c</run_address>
         <size>0x3e</size>
         <alignment>0x2</alignment>
         <input_file_ref idref="fl-1e"/>
      </object_component>
      <object_component id="oc-275">
         <name>.text.TimerCC32XX_close</name>
         <load_address>0x2001016a</load_address>
         <readonly>true</readonly>
         <executable>true</executable>
         <run_address>0x2001016a</run_address>
         <size>0x3c</size>
         <alignment>0x2</alignment>
         <input_file_ref idref="fl-1b"/>
      </object_component>
      <object_component id="oc-54">
         <name>.text.defaultHandler</name>
         <load_address>0x200101a6</load_address>
         <readonly>true</readonly>
         <executable>true</executable>
         <run_address>0x200101a6</run_address>
         <size>0x2</size>
         <alignment>0x2</alignment>
         <input_file_ref idref="fl-24"/>
      </object_component>
      <object_component id="oc-7b">
         <name>.text.addToList</name>
         <load_address>0x200101a8</load_address>
         <readonly>true</readonly>
         <executable>true</executable>
         <run_address>0x200101a8</run_address>
         <size>0x3c</size>
         <alignment>0x4</alignment>
         <input_file_ref idref="fl-21"/>
      </object_component>
      <object_component id="oc-2ed">
         <name>.text.TimerCC32XX_hwiIntFunction</name>
         <load_address>0x200101e4</load_address>
         <readonly>true</readonly>
         <executable>true</executable>
         <run_address>0x200101e4</run_address>
         <size>0x3a</size>
         <alignment>0x2</alignment>
         <input_file_ref idref="fl-1b"/>
      </object_component>
      <object_component id="oc-53">
         <name>.text.faultISR</name>
         <load_address>0x2001021e</load_address>
         <readonly>true</readonly>
         <executable>true</executable>
         <run_address>0x2001021e</run_address>
         <size>0x2</size>
         <alignment>0x2</alignment>
         <input_file_ref idref="fl-24"/>
      </object_component>
      <object_component id="oc-203">
         <name>.text.ClockP_destruct</name>
         <load_address>0x20010220</load_address>
         <readonly>true</readonly>
         <executable>true</executable>
         <run_address>0x20010220</run_address>
         <size>0x38</size>
         <alignment>0x4</alignment>
         <input_file_ref idref="fl-21"/>
      </object_component>
      <object_component id="oc-26c">
         <name>.text.Power_setConstraint</name>
         <load_address>0x20010258</load_address>
         <readonly>true</readonly>
         <executable>true</executable>
         <run_address>0x20010258</run_address>
         <size>0x38</size>
         <alignment>0x4</alignment>
         <input_file_ref idref="fl-19"/>
      </object_component>
      <object_component id="oc-1cb">
         <name>.text.SwiP_restore</name>
         <load_address>0x20010290</load_address>
         <readonly>true</readonly>
         <executable>true</executable>
         <run_address>0x20010290</run_address>
         <size>0x38</size>
         <alignment>0x4</alignment>
         <input_file_ref idref="fl-25"/>
      </object_component>
      <object_component id="oc-23b">
         <name>.text.UARTCC32XX_readCancel</name>
         <load_address>0x200102c8</load_address>
         <readonly>true</readonly>
         <executable>true</executable>
         <run_address>0x200102c8</run_address>
         <size>0x38</size>
         <alignment>0x2</alignment>
         <input_file_ref idref="fl-1c"/>
      </object_component>
      <object_component id="oc-157">
         <name>.text.changeTemp</name>
         <load_address>0x20010300</load_address>
         <readonly>true</readonly>
         <executable>true</executable>
         <run_address>0x20010300</run_address>
         <size>0x38</size>
         <alignment>0x4</alignment>
         <input_file_ref idref="fl-1"/>
      </object_component>
      <object_component id="oc-e5">
         <name>.text.initUART</name>
         <load_address>0x20010338</load_address>
         <readonly>true</readonly>
         <executable>true</executable>
         <run_address>0x20010338</run_address>
         <size>0x38</size>
         <alignment>0x4</alignment>
         <input_file_ref idref="fl-1"/>
      </object_component>
      <object_component id="oc-bd">
         <name>.text:__TI_auto_init_nobinit_nopinit</name>
         <load_address>0x20010370</load_address>
         <readonly>true</readonly>
         <executable>true</executable>
         <run_address>0x20010370</run_address>
         <size>0x38</size>
         <alignment>0x4</alignment>
         <input_file_ref idref="fl-42"/>
      </object_component>
      <object_component id="oc-239">
         <name>.text.UARTCC32XX_read</name>
         <load_address>0x200103a8</load_address>
         <readonly>true</readonly>
         <executable>true</executable>
         <run_address>0x200103a8</run_address>
         <size>0x36</size>
         <alignment>0x2</alignment>
         <input_file_ref idref="fl-1c"/>
      </object_component>
      <object_component id="oc-52">
         <name>.text.nmiISR</name>
         <load_address>0x200103de</load_address>
         <readonly>true</readonly>
         <executable>true</executable>
         <run_address>0x200103de</run_address>
         <size>0x2</size>
         <alignment>0x2</alignment>
         <input_file_ref idref="fl-24"/>
      </object_component>
      <object_component id="oc-200">
         <name>.text.ClockP_start</name>
         <load_address>0x200103e0</load_address>
         <readonly>true</readonly>
         <executable>true</executable>
         <run_address>0x200103e0</run_address>
         <size>0x34</size>
         <alignment>0x4</alignment>
         <input_file_ref idref="fl-21"/>
      </object_component>
      <object_component id="oc-248">
         <name>.text.I2CFIFODataPutNonBlocking</name>
         <load_address>0x20010414</load_address>
         <readonly>true</readonly>
         <executable>true</executable>
         <run_address>0x20010414</run_address>
         <size>0x34</size>
         <alignment>0x2</alignment>
         <input_file_ref idref="fl-28"/>
      </object_component>
      <object_component id="oc-103">
         <name>.text.PinModeGet</name>
         <load_address>0x20010448</load_address>
         <readonly>true</readonly>
         <executable>true</executable>
         <run_address>0x20010448</run_address>
         <size>0x34</size>
         <alignment>0x2</alignment>
         <input_file_ref idref="fl-2a"/>
      </object_component>
      <object_component id="oc-2e8">
         <name>.text.TimerCC32XX_freeTimerResource</name>
         <load_address>0x2001047c</load_address>
         <readonly>true</readonly>
         <executable>true</executable>
         <run_address>0x2001047c</run_address>
         <size>0x34</size>
         <alignment>0x4</alignment>
         <input_file_ref idref="fl-1b"/>
      </object_component>
      <object_component id="oc-4d">
         <name>.text.initVectors</name>
         <load_address>0x200104b0</load_address>
         <readonly>true</readonly>
         <executable>true</executable>
         <run_address>0x200104b0</run_address>
         <size>0x34</size>
         <alignment>0x4</alignment>
         <input_file_ref idref="fl-24"/>
      </object_component>
      <object_component id="oc-1c1">
         <name>.text.ClockP_getTicksUntilInterrupt</name>
         <load_address>0x200104e4</load_address>
         <readonly>true</readonly>
         <executable>true</executable>
         <run_address>0x200104e4</run_address>
         <size>0x30</size>
         <alignment>0x4</alignment>
         <input_file_ref idref="fl-21"/>
      </object_component>
      <object_component id="oc-1e7">
         <name>.text.I2CFIFODataGetNonBlocking</name>
         <load_address>0x20010514</load_address>
         <readonly>true</readonly>
         <executable>true</executable>
         <run_address>0x20010514</run_address>
         <size>0x30</size>
         <alignment>0x2</alignment>
         <input_file_ref idref="fl-28"/>
      </object_component>
      <object_component id="oc-2f3">
         <name>.text.TimerLoadSet</name>
         <load_address>0x20010544</load_address>
         <readonly>true</readonly>
         <executable>true</executable>
         <run_address>0x20010544</run_address>
         <size>0x30</size>
         <alignment>0x2</alignment>
         <input_file_ref idref="fl-2c"/>
      </object_component>
      <object_component id="oc-2ee">
         <name>.text.TimerPrescaleSet</name>
         <load_address>0x20010574</load_address>
         <readonly>true</readonly>
         <executable>true</executable>
         <run_address>0x20010574</run_address>
         <size>0x30</size>
         <alignment>0x2</alignment>
         <input_file_ref idref="fl-2c"/>
      </object_component>
      <object_component id="oc-190">
         <name>.text._outs</name>
         <load_address>0x200105a4</load_address>
         <readonly>true</readonly>
         <executable>true</executable>
         <run_address>0x200105a4</run_address>
         <size>0x30</size>
         <alignment>0x2</alignment>
         <input_file_ref idref="fl-3e"/>
      </object_component>
      <object_component id="oc-228">
         <name>.text.notify</name>
         <load_address>0x200105d4</load_address>
         <readonly>true</readonly>
         <executable>true</executable>
         <run_address>0x200105d4</run_address>
         <size>0x30</size>
         <alignment>0x4</alignment>
         <input_file_ref idref="fl-19"/>
      </object_component>
      <object_component id="oc-22c">
         <name>.text.PowerCC32XX_restoreParkedPin</name>
         <load_address>0x20010604</load_address>
         <readonly>true</readonly>
         <executable>true</executable>
         <run_address>0x20010604</run_address>
         <size>0x2e</size>
         <alignment>0x2</alignment>
         <input_file_ref idref="fl-19"/>
      </object_component>
      <object_component id="oc-210">
         <name>.text.__floatsidf</name>
         <load_address>0x20010634</load_address>
         <readonly>true</readonly>
         <executable>true</executable>
         <run_address>0x20010634</run_address>
         <size>0x2e</size>
         <alignment>0x4</alignment>
         <input_file_ref idref="fl-d6"/>
      </object_component>
      <object_component id="oc-1e1">
         <name>.text.I2CMasterIntStatusEx</name>
         <load_address>0x20010662</load_address>
         <readonly>true</readonly>
         <executable>true</executable>
         <run_address>0x20010662</run_address>
         <size>0x2c</size>
         <alignment>0x2</alignment>
         <input_file_ref idref="fl-28"/>
      </object_component>
      <object_component id="oc-1a4">
         <name>.text.HwiP_create</name>
         <load_address>0x2001068e</load_address>
         <readonly>true</readonly>
         <executable>true</executable>
         <run_address>0x2001068e</run_address>
         <size>0x2a</size>
         <alignment>0x2</alignment>
         <input_file_ref idref="fl-22"/>
      </object_component>
      <object_component id="oc-102">
         <name>.text.PRCMPeripheralClkDisable</name>
         <load_address>0x200106b8</load_address>
         <readonly>true</readonly>
         <executable>true</executable>
         <run_address>0x200106b8</run_address>
         <size>0x2a</size>
         <alignment>0x2</alignment>
         <input_file_ref idref="fl-2b"/>
      </object_component>
      <object_component id="oc-26f">
         <name>.text.I2CMasterBusBusy</name>
         <load_address>0x200106e2</load_address>
         <readonly>true</readonly>
         <executable>true</executable>
         <run_address>0x200106e2</run_address>
         <size>0x28</size>
         <alignment>0x2</alignment>
         <input_file_ref idref="fl-28"/>
      </object_component>
      <object_component id="oc-249">
         <name>.text.I2CMasterSlaveAddrSet</name>
         <load_address>0x2001070a</load_address>
         <readonly>true</readonly>
         <executable>true</executable>
         <run_address>0x2001070a</run_address>
         <size>0x28</size>
         <alignment>0x2</alignment>
         <input_file_ref idref="fl-28"/>
      </object_component>
      <object_component id="oc-1fb">
         <name>.text.I2C_cancel</name>
         <load_address>0x20010732</load_address>
         <readonly>true</readonly>
         <executable>true</executable>
         <run_address>0x20010732</run_address>
         <size>0x28</size>
         <alignment>0x2</alignment>
         <input_file_ref idref="fl-14"/>
      </object_component>
      <object_component id="oc-2fe">
         <name>.text.List_remove</name>
         <load_address>0x2001075a</load_address>
         <readonly>true</readonly>
         <executable>true</executable>
         <run_address>0x2001075a</run_address>
         <size>0x28</size>
         <alignment>0x2</alignment>
         <input_file_ref idref="fl-1d"/>
      </object_component>
      <object_component id="oc-2a2">
         <name>.text.PowerCC32XX_getParkState</name>
         <load_address>0x20010784</load_address>
         <readonly>true</readonly>
         <executable>true</executable>
         <run_address>0x20010784</run_address>
         <size>0x28</size>
         <alignment>0x4</alignment>
         <input_file_ref idref="fl-19"/>
      </object_component>
      <object_component id="oc-2a1">
         <name>.text.PowerCC32XX_reset</name>
         <load_address>0x200107ac</load_address>
         <readonly>true</readonly>
         <executable>true</executable>
         <run_address>0x200107ac</run_address>
         <size>0x28</size>
         <alignment>0x4</alignment>
         <input_file_ref idref="fl-19"/>
      </object_component>
      <object_component id="oc-272">
         <name>.text.free_list_insert</name>
         <load_address>0x200107d4</load_address>
         <readonly>true</readonly>
         <executable>true</executable>
         <run_address>0x200107d4</run_address>
         <size>0x28</size>
         <alignment>0x4</alignment>
         <input_file_ref idref="fl-3f"/>
      </object_component>
      <object_component id="oc-1d2">
         <name>.text.List_put</name>
         <load_address>0x200107fc</load_address>
         <readonly>true</readonly>
         <executable>true</executable>
         <run_address>0x200107fc</run_address>
         <size>0x24</size>
         <alignment>0x2</alignment>
         <input_file_ref idref="fl-1d"/>
      </object_component>
      <object_component id="oc-298">
         <name>.text.PowerCC32XX_restoreParkState</name>
         <load_address>0x20010820</load_address>
         <readonly>true</readonly>
         <executable>true</executable>
         <run_address>0x20010820</run_address>
         <size>0x24</size>
         <alignment>0x4</alignment>
         <input_file_ref idref="fl-19"/>
      </object_component>
      <object_component id="oc-17d">
         <name>.text.Power_registerNotify</name>
[...]
         <name>ClockP_getSystemTicks</name>
         <value>0x20010cad</value>
         <object_component_ref idref="oc-1c3"/>
      </symbol>
      <symbol id="sm-895">
         <name>ClockP_getTicksUntilInterrupt</name>
         <value>0x200104e5</value>
         <object_component_ref idref="oc-1c1"/>
      </symbol>
      <symbol id="sm-896">
         <name>ClockP_isActive</name>
         <value>0x20010e73</value>
         <object_component_ref idref="oc-201"/>
      </symbol>
      <symbol id="sm-897">
         <name>ClockP_setTicks</name>
         <value>0x20010cbd</value>
         <object_component_ref idref="oc-1ca"/>
      </symbol>
      <symbol id="sm-898">
         <name>ClockP_setTimeout</name>
         <value>0x20010f2b</value>
         <object_component_ref idref="oc-323"/>
      </symbol>
      <symbol id="sm-899">
         <name>ClockP_start</name>
         <value>0x200103e1</value>
         <object_component_ref idref="oc-200"/>
      </symbol>
      <symbol id="sm-89a">
         <name>ClockP_startup</name>
         <value>0x2000f521</value>
         <object_component_ref idref="oc-222"/>
      </symbol>
      <symbol id="sm-89b">
         <name>ClockP_stop</name>
         <value>0x2000ffed</value>
         <object_component_ref idref="oc-273"/>
      </symbol>
      <symbol id="sm-89c">
         <name>ClockP_sysTickHandler</name>
         <value>0x2000fc71</value>
         <object_component_ref idref="oc-56"/>
      </symbol>
      <symbol id="sm-89d">
         <name>ClockP_tickPeriod</name>
         <value>0x20011f64</value>
         <object_component_ref idref="oc-1cd"/>
      </symbol>
      <symbol id="sm-955">
         <name>HwiP_Params_init</name>
         <value>0x20010c53</value>
         <object_component_ref idref="oc-17e"/>
      </symbol>
      <symbol id="sm-956">
         <name>HwiP_clearInterrupt</name>
         <value>0x20010e7d</value>
         <object_component_ref idref="oc-17c"/>
      </symbol>
      <symbol id="sm-957">
         <name>HwiP_construct</name>
         <value>0x2000ee99</value>
         <object_component_ref idref="oc-17f"/>
      </symbol>
      <symbol id="sm-958">
         <name>HwiP_create</name>
         <value>0x2001068f</value>
         <object_component_ref idref="oc-1a4"/>
      </symbol>
      <symbol id="sm-959">
         <name>HwiP_delete</name>
         <value>0x20010c65</value>
         <object_component_ref idref="oc-294"/>
      </symbol>
      <symbol id="sm-95a">
         <name>HwiP_destruct</name>
         <value>0x20010989</value>
         <object_component_ref idref="oc-2fd"/>
      </symbol>
      <symbol id="sm-95b">
         <name>HwiP_disable</name>
         <value>0x20010d8d</value>
         <object_component_ref idref="oc-171"/>
      </symbol>
      <symbol id="sm-95c">
         <name>HwiP_disableInterrupt</name>
         <value>0x20010e87</value>
         <object_component_ref idref="oc-1f7"/>
      </symbol>
      <symbol id="sm-95d">
         <name>HwiP_dispatch</name>
         <value>0x200109a5</value>
         <object_component_ref idref="oc-1da"/>
      </symbol>
      <symbol id="sm-95e">
         <name>HwiP_enable</name>
         <value>0x20010e91</value>
         <object_component_ref idref="oc-dd"/>
      </symbol>
      <symbol id="sm-95f">
         <name>HwiP_enableInterrupt</name>
         <value>0x20010e9b</value>
         <object_component_ref idref="oc-1f9"/>
      </symbol>
      <symbol id="sm-960">
         <name>HwiP_inISR</name>
         <value>0x20010ccd</value>
         <object_component_ref idref="oc-206"/>
      </symbol>
      <symbol id="sm-961">
         <name>HwiP_post</name>
         <value>0x20010f2f</value>
         <object_component_ref idref="oc-230"/>
      </symbol>
      <symbol id="sm-962">
         <name>HwiP_restore</name>
         <value>0x20010d9b</value>
         <object_component_ref idref="oc-172"/>
      </symbol>
      <symbol id="sm-963">
         <name>HwiP_swiPIntNum</name>
         <value>0x20011f70</value>
         <object_component_ref idref="oc-1d8"/>
      </symbol>
      <symbol id="sm-99a">
         <name>PowerCC32XX_initPolicy</name>
         <value>0x2000e313</value>
         <object_component_ref idref="oc-169"/>
      </symbol>
      <symbol id="sm-99b">
         <name>PowerCC32XX_sleepPolicy</name>
         <value>0x2000d56d</value>
         <object_component_ref idref="oc-16e"/>
      </symbol>
      <symbol id="sm-9c6">
         <name>initVectors</name>
         <value>0x200104b1</value>
         <object_component_ref idref="oc-4d"/>
      </symbol>
      <symbol id="sm-9c7">
         <name>resetISR</name>
         <value>0x20010a15</value>
         <object_component_ref idref="oc-1f"/>
      </symbol>
      <symbol id="sm-a36">
         <name>SwiP_disable</name>
         <value>0x200109dd</value>
         <object_component_ref idref="oc-1ba"/>
      </symbol>
      <symbol id="sm-a37">
         <name>SwiP_restore</name>
         <value>0x20010291</value>
         <object_component_ref idref="oc-1cb"/>
      </symbol>
      <symbol id="sm-a4b">
         <name>CPUcpsid</name>
         <value>0x20010b67</value>
         <object_component_ref idref="oc-6a"/>
      </symbol>
      <symbol id="sm-ac9">
         <name>I2CFIFODataGetNonBlocking</name>
         <value>0x20010515</value>
         <object_component_ref idref="oc-1e7"/>
      </symbol>
      <symbol id="sm-aca">
         <name>I2CFIFODataPutNonBlocking</name>
         <value>0x20010415</value>
         <object_component_ref idref="oc-248"/>
      </symbol>
      <symbol id="sm-acb">
         <name>I2CFIFOStatus</name>
         <value>0x20010da9</value>
         <object_component_ref idref="oc-1ec"/>
      </symbol>
      <symbol id="sm-acc">
         <name>I2CMasterBurstLengthSet</name>
         <value>0x20010af9</value>
         <object_component_ref idref="oc-24a"/>
      </symbol>
      <symbol id="sm-acd">
         <name>I2CMasterBusBusy</name>
         <value>0x200106e3</value>
         <object_component_ref idref="oc-26f"/>
      </symbol>
      <symbol id="sm-ace">
         <name>I2CMasterIntClearEx</name>
         <value>0x20010cdd</value>
         <object_component_ref idref="oc-1e6"/>
      </symbol>
      <symbol id="sm-acf">
         <name>I2CMasterIntDisableEx</name>
         <value>0x20010b0f</value>
         <object_component_ref idref="oc-1e9"/>
      </symbol>
      <symbol id="sm-ad0">
         <name>I2CMasterIntEnableEx</name>
         <value>0x20010b7b</value>
         <object_component_ref idref="oc-24b"/>
      </symbol>
      <symbol id="sm-ad1">
         <name>I2CMasterIntStatusEx</name>
         <value>0x20010663</value>
         <object_component_ref idref="oc-1e1"/>
      </symbol>
      <symbol id="sm-ad2">
         <name>I2CMasterSlaveAddrSet</name>
         <value>0x2001070b</value>
         <object_component_ref idref="oc-249"/>
      </symbol>
      <symbol id="sm-ad3">
         <name>I2CRxFIFOFlush</name>
         <value>0x20010b25</value>
         <object_component_ref idref="oc-26e"/>
      </symbol>
      <symbol id="sm-ad4">
         <name>I2CTxFIFOFlush</name>
         <value>0x20010b3b</value>
         <object_component_ref idref="oc-26d"/>
      </symbol>
      <symbol id="sm-b0a">
         <name>IntMasterDisable</name>
         <value>0x20010ea5</value>
         <object_component_ref idref="oc-48"/>
      </symbol>
      <symbol id="sm-b0b">
         <name>IntPendSet</name>
         <value>0x2000e7c1</value>
         <object_component_ref idref="oc-293"/>
      </symbol>
      <symbol id="sm-b0c">
         <name>IntVTableBaseSet</name>
         <value>0x20010b8f</value>
         <object_component_ref idref="oc-71"/>
      </symbol>
      <symbol id="sm-b46">
         <name>PinConfigSet</name>
         <value>0x2000e865</value>
         <object_component_ref idref="oc-1a3"/>
      </symbol>
      <symbol id="sm-b47">
         <name>PinModeGet</name>
         <value>0x20010449</value>
         <object_component_ref idref="oc-103"/>
      </symbol>
      <symbol id="sm-b48">
         <name>PinModeSet</name>
         <value>0x2000ff29</value>
         <object_component_ref idref="oc-108"/>
      </symbol>
      <symbol id="sm-b49">
         <name>PinToPadGet</name>
         <value>0x20010a65</value>
         <object_component_ref idref="oc-229"/>
      </symbol>
      <symbol id="sm-be1">
         <name>PRCMCC3200MCUInit</name>
         <value>0x2000c8ad</value>
         <object_component_ref idref="oc-d0"/>
      </symbol>
      <symbol id="sm-be2">
         <name>PRCMHIBRegRead</name>
         <value>0x20010a31</value>
         <object_component_ref idref="oc-ff"/>
      </symbol>
      <symbol id="sm-be3">
         <name>PRCMHIBRegWrite</name>
         <value>0x20010a4b</value>
         <object_component_ref idref="oc-fe"/>
      </symbol>
      <symbol id="sm-be4">
         <name>PRCMLPDSEnter</name>
         <value>0x2000f8c1</value>
         <object_component_ref idref="oc-22f"/>
      </symbol>
      <symbol id="sm-be5">
         <name>PRCMLPDSEnterKeepDebugIf</name>
         <value>0x2000fd47</value>
         <object_component_ref idref="oc-22e"/>
      </symbol>
      <symbol id="sm-be6">
         <name>PRCMLPDSRestoreInfoSet</name>
         <value>0x2000fa61</value>
         <object_component_ref idref="oc-28d"/>
      </symbol>
      <symbol id="sm-be7">
         <name>PRCMPeripheralClkDisable</name>
         <value>0x200106b9</value>
         <object_component_ref idref="oc-102"/>
      </symbol>
      <symbol id="sm-be8">
         <name>PRCMPeripheralClkEnable</name>
         <value>0x2000f75d</value>
         <object_component_ref idref="oc-100"/>
      </symbol>
      <symbol id="sm-be9">
         <name>PRCMPeripheralReset</name>
         <value>0x2000f3eb</value>
         <object_component_ref idref="oc-101"/>
      </symbol>
      <symbol id="sm-bea">
         <name>PRCMSysResetCauseGet</name>
         <value>0x2000ebf5</value>
         <object_component_ref idref="oc-f9"/>
      </symbol>
      <symbol id="sm-c29">
         <name>TimerControlStall</name>
         <value>0x2000ff6b</value>
         <object_component_ref idref="oc-31d"/>
      </symbol>
      <symbol id="sm-c2a">
         <name>TimerDisable</name>
         <value>0x20010911</value>
         <object_component_ref idref="oc-2f6"/>
      </symbol>
      <symbol id="sm-c2b">
         <name>TimerEnable</name>
         <value>0x20010a7f</value>
         <object_component_ref idref="oc-2f5"/>
      </symbol>
      <symbol id="sm-c2c">
         <name>TimerIntClear</name>
         <value>0x20010d1d</value>
         <object_component_ref idref="oc-31e"/>
      </symbol>
      <symbol id="sm-c2d">
         <name>TimerIntDisable</name>
         <value>0x20010b51</value>
         <object_component_ref idref="oc-2f7"/>
      </symbol>
      <symbol id="sm-c2e">
         <name>TimerIntEnable</name>
         <value>0x20010be1</value>
         <object_component_ref idref="oc-2f4"/>
      </symbol>
      <symbol id="sm-c2f">
         <name>TimerLoadSet</name>
         <value>0x20010545</value>
         <object_component_ref idref="oc-2f3"/>
      </symbol>
      <symbol id="sm-c30">
         <name>TimerPrescaleSet</name>
         <value>0x20010575</value>
         <object_component_ref idref="oc-2ee"/>
      </symbol>
      <symbol id="sm-c80">
         <name>UARTBusy</name>
         <value>0x20010d3d</value>
         <object_component_ref idref="oc-2ae"/>
      </symbol>
      <symbol id="sm-c81">
         <name>UARTIntEnable</name>
         <value>0x20010bf5</value>
         <object_component_ref idref="oc-30d"/>
      </symbol>
      <symbol id="sm-c8c">
         <name>UtilsDelay</name>
         <value>0x20010ed7</value>
         <object_component_ref idref="oc-fa"/>
      </symbol>
      <symbol id="sm-cb9">
         <name>FlashDisable</name>
         <value>0x2000f649</value>
         <object_component_ref idref="oc-28e"/>
      </symbol>
      <symbol id="sm-cca">
         <name>snprintf</name>
         <value>0x2000fee5</value>
         <object_component_ref idref="oc-12b"/>
      </symbol>
      <symbol id="sm-cea">
         <name>malloc</name>
         <value>0x20010ef1</value>
         <object_component_ref idref="oc-20b"/>
      </symbol>
      <symbol id="sm-ceb">
         <name>aligned_alloc</name>
         <value>0x2000dbc5</value>
         <object_component_ref idref="oc-274"/>
      </symbol>
      <symbol id="sm-cec">
         <name>free</name>
         <value>0x2000ded5</value>
         <object_component_ref idref="oc-1fd"/>
      </symbol>
      <symbol id="sm-ced">
         <name>_sys_memory</name>
         <value>0x20004040</value>
         <object_component_ref idref="oc-2f"/>
      </symbol>
      <symbol id="sm-cee">
         <name>memalign</name>
         <value>0x2000dbc5</value>
         <object_component_ref idref="oc-274"/>
      </symbol>
      <symbol id="sm-cf9">
         <name>_c_int00_noargs</name>
         <value>0x2001088d</value>
         <object_component_ref idref="oc-74"/>
      </symbol>
      <symbol id="sm-cfa">
         <name>__stack</name>
         <value>0x20003000</value>
         <object_component_ref idref="oc-14"/>
      </symbol>
      <symbol id="sm-d06">
         <name>__TI_auto_init_nobinit_nopinit</name>
         <value>0x20010371</value>
         <object_component_ref idref="oc-bd"/>
      </symbol>
      <symbol id="sm-d0e">
         <name>_system_pre_init</name>
         <value>0x20010f41</value>
         <object_component_ref idref="oc-89"/>
      </symbol>
      <symbol id="sm-d19">
         <name>__TI_zero_init</name>
         <value>0x20010d7d</value>
         <object_component_ref idref="oc-47"/>
      </symbol>
      <symbol id="sm-d22">
         <name>__TI_decompress_none</name>
         <value>0x20010def</value>
         <object_component_ref idref="oc-1a"/>
      </symbol>
      <symbol id="sm-d2c">
         <name>__TI_decompress_lzss</name>
         <value>0x2000f15d</value>
         <object_component_ref idref="oc-16"/>
      </symbol>
      <symbol id="sm-d4c">
         <name>__TI_printfi_nofloat</name>
         <value>0x2000c041</value>
         <object_component_ref idref="oc-1f4"/>
      </symbol>
      <symbol id="sm-d55">
         <name>wcslen</name>
         <value>0x20010d6d</value>
         <object_component_ref idref="oc-25a"/>
      </symbol>
      <symbol id="sm-d60">
         <name>__aeabi_errno_addr</name>
         <value>0x20010ee1</value>
         <object_component_ref idref="oc-25e"/>
      </symbol>
      <symbol id="sm-d61">
         <name>__aeabi_errno</name>
         <value>0x20011f74</value>
         <object_component_ref idref="oc-2be"/>
      </symbol>
      <symbol id="sm-d6b">
         <name>abort</name>
         <value>0x20010f45</value>
         <object_component_ref idref="oc-b6"/>
      </symbol>
      <symbol id="sm-d6c">
         <name>C$$EXIT</name>
         <value>0x20010f44</value>
         <object_component_ref idref="oc-b6"/>
      </symbol>
      <symbol id="sm-d75">
         <name>_nop</name>
         <value>0x2000f917</value>
         <object_component_ref idref="oc-15a"/>
      </symbol>
      <symbol id="sm-d76">
         <name>_lock</name>
         <value>0x20011f78</value>
         <object_component_ref idref="oc-ef"/>
      </symbol>
      <symbol id="sm-d77">
         <name>_unlock</name>
         <value>0x20011f7c</value>
         <object_component_ref idref="oc-f2"/>
      </symbol>
      <symbol id="sm-d84">
         <name>atoi</name>
         <value>0x200100ed</value>
         <object_component_ref idref="oc-256"/>
      </symbol>
      <symbol id="sm-d8e">
         <name>memccpy</name>
         <value>0x2001094f</value>
         <object_component_ref idref="oc-24f"/>
      </symbol>
      <symbol id="sm-d96">
         <name>__aeabi_ctype_table_</name>
         <value>0x20011680</value>
         <object_component_ref idref="oc-2b7"/>
      </symbol>
      <symbol id="sm-d97">
         <name>__aeabi_ctype_table_C</name>
         <value>0x20011680</value>
         <object_component_ref idref="oc-2b7"/>
      </symbol>
      <symbol id="sm-daf">
         <name>__aeabi_dmul</name>
         <value>0x2000dce5</value>
         <object_component_ref idref="oc-214"/>
      </symbol>
      <symbol id="sm-db0">
         <name>__muldf3</name>
         <value>0x2000dce5</value>
         <object_component_ref idref="oc-214"/>
      </symbol>
      <symbol id="sm-db6">
         <name>__aeabi_d2iz</name>
         <value>0x2000fcb9</value>
         <object_component_ref idref="oc-218"/>
      </symbol>
      <symbol id="sm-db7">
         <name>__fixdfsi</name>
         <value>0x2000fcb9</value>
         <object_component_ref idref="oc-218"/>
      </symbol>
      <symbol id="sm-dbd">
         <name>__aeabi_i2d</name>
         <value>0x20010635</value>
         <object_component_ref idref="oc-210"/>
      </symbol>
      <symbol id="sm-dbe">
         <name>__floatsidf</name>
         <value>0x20010635</value>
         <object_component_ref idref="oc-210"/>
      </symbol>
      <symbol id="sm-dc4">
         <name>__aeabi_memcpy</name>
         <value>0x20010f3d</value>
         <object_component_ref idref="oc-3a"/>
      </symbol>
      <symbol id="sm-dc5">
         <name>__aeabi_memcpy4</name>
         <value>0x20010f3d</value>
         <object_component_ref idref="oc-3a"/>
      </symbol>
      <symbol id="sm-dc6">
         <name>__aeabi_memcpy8</name>
         <value>0x20010f3d</value>
         <object_component_ref idref="oc-3a"/>
      </symbol>
      <symbol id="sm-dcf">
         <name>__aeabi_memset</name>
         <value>0x20010ec5</value>
         <object_component_ref idref="oc-24e"/>
      </symbol>
      <symbol id="sm-dd0">
         <name>__aeabi_memset4</name>
         <value>0x20010ec5</value>
         <object_component_ref idref="oc-24e"/>
      </symbol>
      <symbol id="sm-dd1">
         <name>__aeabi_memset8</name>
         <value>0x20010ec5</value>
         <object_component_ref idref="oc-24e"/>
      </symbol>
      <symbol id="sm-dd2">
         <name>__aeabi_memclr</name>
         <value>0x20010ee9</value>
         <object_component_ref idref="oc-65"/>
      </symbol>
      <symbol id="sm-dd3">
         <name>__aeabi_memclr4</name>
         <value>0x20010ee9</value>
         <object_component_ref idref="oc-65"/>
      </symbol>
      <symbol id="sm-dd4">
         <name>__aeabi_memclr8</name>
         <value>0x20010ee9</value>
         <object_component_ref idref="oc-65"/>
      </symbol>
      <symbol id="sm-dda">
         <name>__aeabi_uldivmod</name>
         <value>0x20010c09</value>
         <object_component_ref idref="oc-1c5"/>
      </symbol>
      <symbol id="sm-de0">
         <name>__udivmoddi4</name>
         <value>0x2000e3c5</value>
         <object_component_ref idref="oc-223"/>
      </symbol>
      <symbol id="sm-deb">
         <name>__aeabi_ldiv0</name>
         <value>0x2000f23b</value>
         <object_component_ref idref="oc-286"/>
      </symbol>
      <symbol id="sm-df4">
         <name>TI_memcpy_small</name>
         <value>0x20010c89</value>
         <object_component_ref idref="oc-7f"/>
      </symbol>
      <symbol id="sm-dfc">
         <name>TI_memset_small</name>
         <value>0x20010de1</value>
         <object_component_ref idref="oc-9c"/>
      </symbol>
      <symbol id="sm-dfd">
         <name>__TI_static_base__</name>
         <value>0x20011f88</value>
      </symbol>
      <symbol id="sm-e00">
         <name>ITM_flush</name>
         <value>0x0</value>
      </symbol>
      <symbol id="sm-e01">
         <name>ITM_restore</name>
         <value>0x0</value>
      </symbol>
      <symbol id="sm-e02">
         <name>__mpu_init</name>
         <value>0x0</value>
      </symbol>
      <symbol id="sm-e03">
         <name>_system_post_cinit</name>
         <value>0x0</value>
      </symbol>
   </symbol_table>
   <title>Link successful</title>
</link_info>
