******************************************************************************
            TI ARM Clang Linker Unix v3.2.1                    
******************************************************************************
>> Linked Tue Dec 17 03:57:28 2024

OUTPUT FILE NAME:   <gpiointerrupt_CC3220S_LAUNCHXL_nortos_ticlang.out>
ENTRY POINT SYMBOL: "resetISR"  address: 20010a15


MEMORY CONFIGURATION

         name            origin    length      used     unused   attr    fill
----------------------  --------  ---------  --------  --------  ----  --------
  SRAM2                 20000000   00004000  0000130c  00002cf4  RW X
  SRAM                  20004000   0003c000  0000e061  0002df9f  RW X
  LOG_DATA              90000000   00040000  00000000  00040000  R   


SEGMENT ALLOCATION MAP

run origin  load origin   length   init length attrs members
----------  ----------- ---------- ----------- ----- -------
20003000    20003000    00001000   00000000    rw-
  20003000    20003000    00001000   00000000    rw- .stack
20004000    20004000    00000040   00000040    r--
  20004000    20004000    00000040   00000040    r-- .resetVecs
20004040    20004040    00008000   00000000    rw-
  20004040    20004040    00008000   00000000    rw- .sysmem
2000c040    2000c040    00004f08   00004f08    r-x
  2000c040    2000c040    00004f08   00004f08    r-x .text
20010f48    20010f48    0000072e   00000000    rw-
  20010f48    20010f48    0000072e   00000000    rw- .bss
20011680    20011680    0000065a   0000065a    r--
  20011680    20011680    0000065a   0000065a    r-- .rodata
20011ce0    20011ce0    000002a5   00000000    rw-
  20011ce0    20011ce0    000002a5   00000000    rw- .data
20011f88    20011f88    000000ec   000000ec    r--
  20011f88    20011f88    000000ec   000000ec    r-- .cinit


SECTION ALLOCATION MAP

 output                                  attributes/
section   page    origin      length       input sections
--------  ----  ----------  ----------   ----------------
.text      0    2000c040    00004f08     
                  2000c040    0000086c     libc.a : _printfi.c.obj (.text:__TI_printfi_nofloat)
                  2000c8ac    000004b8     driverlib.a : prcm.obj (.text.PRCMCC3200MCUInit)
                  2000cd64    00000410     drivers_cc32xx.a : PowerCC32XX.om4 (.text.Power_sleep)
                  2000d174    00000240                      : UARTCC32XX.om4 (.text.UARTCC32XX_open)
                  2000d3b4    000001b8                      : GPIOCC32XX.om4 (.text.GPIO_setConfig)
                  2000d56c    0000016c     nortos_cc32xx.a : PowerCC32XX_nortos.om4 (.text.PowerCC32XX_sleepPolicy)
                  2000d6d8    0000016c     gpiointerrupt.o (.text.initI2C)
                  2000d844    00000138     drivers_cc32xx.a : I2CCC32XX.om4 (.text.I2CCC32XX_hwiFxn)
                  2000d97c    00000126                      : I2C.om4 (.text.I2C_transferTimeout)
                  2000daa2    00000002     ti_drivers_config.o (.text.Board_initHook)
                  2000daa4    00000120     drivers_cc32xx.a : TimerCC32XX.om4 (.text.TimerCC32XX_open)
                  2000dbc4    00000120     libc.a : memory.c.obj (.text.aligned_alloc)
                  2000dce4    000000fc     libclang_rt.builtins.a : muldf3.S.obj (.text.__muldf3)
                  2000dde0    000000f4     drivers_cc32xx.a : I2CCC32XX.om4 (.text.I2C_open)
                  2000ded4    000000f0     libc.a : memory.c.obj (.text.free)
                  2000dfc4    000000e8     drivers_cc32xx.a : UARTCC32XX.om4 (.text.UARTCC32XX_close)
                  2000e0ac    000000e2                      : UARTCC32XX.om4 (.text.UARTCC32XX_write)
                  2000e18e    00000002                      : I2C.om4 (.text.I2C_init)
                  2000e190    000000d0                      : UARTCC32XX.om4 (.text.UARTCC32XX_control)
                  2000e260    000000b2                      : UARTCC32XX.om4 (.text.readTaskCallback)
                  2000e312    00000002     nortos_cc32xx.a : PowerCC32XX_nortos.om4 (.text.PowerCC32XX_initPolicy)
                  2000e314    000000b0     drivers_cc32xx.a : GPIOCC32XX.om4 (.text.GPIO_init)
                  2000e3c4    000000b0     libclang_rt.builtins.a : udivmoddi4.S.obj (.text)
                  2000e474    000000ac     drivers_cc32xx.a : I2CCC32XX.om4 (.text.I2CCC32XX_completeTransfer)
                  2000e520    000000ac                      : UARTCC32XX.om4 (.text.readTaskBlocking)
                  2000e5cc    000000a8                      : UARTCC32XX.om4 (.text.writeData)
                  2000e674    000000a6                      : UARTCC32XX.om4 (.text.UARTCC32XX_readPolling)
                  2000e71a    000000a6                      : UARTCC32XX.om4 (.text.readIsrTextBlocking)
                  2000e7c0    000000a4     driverlib.a : interrupt.obj (.text.IntPendSet)
                  2000e864    000000a2                 : pin.obj (.text.PinConfigSet)
                  2000e906    0000009a     drivers_cc32xx.a : UARTCC32XX.om4 (.text.readIsrTextCallback)
                  2000e9a0    00000096                      : PowerCC32XX_asm.om4 (.text)
                  2000ea36    00000002                      : TimerCC32XX.om4 (.text.TimerCC32XX_init)
                  2000ea38    00000094                      : PowerCC32XX.om4 (.text.PowerCC32XX_configureWakeup)
                  2000eacc    00000094     nortos_cc32xx.a : SemaphoreP_nortos.om4 (.text.SemaphoreP_pend)
                  2000eb60    00000094     drivers_cc32xx.a : GPIOCC32XX.om4 (.text.powerNotifyFxn)
                  2000ebf4    0000008e     driverlib.a : prcm.obj (.text.PRCMSysResetCauseGet)
                  2000ec82    00000002     drivers_cc32xx.a : UARTCC32XX.om4 (.text.UARTCC32XX_init)
                  2000ec84    0000008c                      : UARTCC32XX.om4 (.text.initHw)
                  2000ed10    00000088     gpiointerrupt.o (.text.readTemp)
                  2000ed98    00000080     drivers_cc32xx.a : I2CCC32XX.om4 (.text.I2CCC32XX_initHw)
                  2000ee18    00000080                      : TimerCC32XX.om4 (.text.TimerCC32XX_setPeriod)
                  2000ee98    0000007c     nortos_cc32xx.a : HwiPCC32XX_nortos.om4 (.text.HwiP_construct)
                  2000ef14    00000078     drivers_cc32xx.a : PowerCC32XX.om4 (.text.Power_init)
                  2000ef8c    00000076                      : TimerCC32XX.om4 (.text.TimerCC32XX_start)
                  2000f002    00000076                      : UARTCC32XX.om4 (.text.readIsrBinaryBlocking)
                  2000f078    00000074                      : PowerCC32XX.om4 (.text.Power_setDependency)
                  2000f0ec    00000070                      : GPIOCC32XX.om4 (.text.GPIO_hwiIntFxn)
                  2000f15c    00000070     libc.a : copy_decompress_lzss.c.obj (.text:decompress:lzss)
                  2000f1cc    0000006e     drivers_cc32xx.a : UARTCC32XX.om4 (.text.readIsrBinaryCallback)
                  2000f23a    00000002     libclang_rt.builtins.a : aeabi_div0.c.obj (.text.__aeabi_ldiv0)
                  2000f23c    0000006c     gpiointerrupt.o (.text.heatOnOff)
                  2000f2a8    0000006c     gpiointerrupt.o (.text.mainThread)
                  2000f314    0000006c     libc.a : memory.c.obj (.text.split)
                  2000f380    0000006a     drivers_cc32xx.a : I2CCC32XX.om4 (.text.I2CCC32XX_primeReadBurst)
                  2000f3ea    0000006a     driverlib.a : prcm.obj (.text.PRCMPeripheralReset)
                  2000f454    00000066     drivers_cc32xx.a : I2CCC32XX.om4 (.text.I2CCC32XX_primeWriteBurst)
                  2000f4ba    00000066                      : UARTCC32XX.om4 (.text.UARTCC32XX_hwiIntFxn)
                  2000f520    00000064     nortos_cc32xx.a : ClockPSysTick_nortos.om4 (.text.ClockP_startup)
                  2000f584    00000064     drivers_cc32xx.a : UARTCC32XX.om4 (.text.UARTCC32XX_writeCancel)
                  2000f5e8    00000060                      : TimerCC32XX.om4 (.text.TimerCC32XX_stop)
                  2000f648    0000005c     driverlib.a : flash.obj (.text.FlashDisable)
                  2000f6a4    0000005c     drivers_cc32xx.a : I2CCC32XX.om4 (.text.I2CSupport_primeTransfer)
                  2000f700    0000005c     gpiointerrupt.o (.text.initGPIO)
                  2000f75c    0000005a     driverlib.a : prcm.obj (.text.PRCMPeripheralClkEnable)
                  2000f7b6    0000005a     drivers_cc32xx.a : UARTCC32XX.om4 (.text.UARTCC32XX_writePolling)
                  2000f810    00000058                      : GPIOCC32XX.om4 (.text.GPIO_write)
                  2000f868    00000058                      : PowerCC32XX.om4 (.text.Power_releaseDependency)
                  2000f8c0    00000056     driverlib.a : prcm.obj (.text.PRCMLPDSEnter)
                  2000f916    00000002     libc.a : _lock.c.obj (.text._nop)
                  2000f918    00000054     drivers_cc32xx.a : PowerCC32XX.om4 (.text.PowerCC32XX_setParkState)
                  2000f96c    00000054     nortos_cc32xx.a : SemaphoreP_nortos.om4 (.text.SemaphoreP_construct)
                  2000f9c0    00000050     drivers_cc32xx.a : GPIOCC32XX.om4 (.text.GPIO_enableInt)
                  2000fa10    00000050                      : GPIOCC32XX.om4 (.text.GPIO_setCallback)
                  2000fa60    0000004c     driverlib.a : prcm.obj (.text.PRCMLPDSRestoreInfoSet)
                  2000faac    0000004c     drivers_cc32xx.a : TimerCC32XX.om4 (.text.TimerCC32XX_allocateTimerResource)
                  2000faf8    0000004c                      : TimerCC32XX.om4 (.text.initHw)
                  2000fb44    0000004c                      : UARTCC32XX.om4 (.text.ringBufGet)
                  2000fb90    0000004a                      : PowerCC32XX.om4 (.text.PowerCC32XX_parkPin)
                  2000fbda    0000004a     nortos_cc32xx.a : PowerCC32XX_nortos.om4 (.text.getCountsRTC)
                  2000fc24    0000004a     drivers_cc32xx.a : TimerCC32XX.om4 (.text.getPrescaler)
                  2000fc6e    00000002     nortos_cc32xx.a : startup_cc32xx_ticlang.om4 (.text.busFaultHandler)
                  2000fc70    00000048                     : ClockPSysTick_nortos.om4 (.text.ClockP_sysTickHandler)
                  2000fcb8    00000048     libclang_rt.builtins.a : fixdfsi.S.obj (.text.__fixdfsi)
                  2000fd00    00000046     drivers_cc32xx.a : I2CCC32XX.om4 (.text.I2CCC32XX_fillTransmitFifo)
                  2000fd46    00000046     driverlib.a : prcm.obj (.text.PRCMLPDSEnterKeepDebugIf)
                  2000fd8c    00000046     drivers_cc32xx.a : RingBuf.om4 (.text.RingBuf_put)
                  2000fdd2    00000002     nortos_cc32xx.a : SemaphoreP_nortos.om4 (.text.clkFxn)
                  2000fdd4    00000044     drivers_cc32xx.a : PowerCC32XX.om4 (.text.Power_releaseConstraint)
                  2000fe18    00000044                      : Timer.om4 (.text.Timer_init)
                  2000fe5c    00000044                      : UART.om4 (.text.UART_init)
                  2000fea0    00000044     gpiointerrupt.o (.text.initTimer)
                  2000fee4    00000044     libc.a : snprintf.c.obj (.text.snprintf)
                  2000ff28    00000042     driverlib.a : pin.obj (.text.PinModeSet)
                  2000ff6a    00000042                 : timer.obj (.text.TimerControlStall)
                  2000ffac    00000040     nortos_cc32xx.a : ClockPSysTick_nortos.om4 (.text.ClockP_construct)
                  2000ffec    00000040                     : ClockPSysTick_nortos.om4 (.text.ClockP_stop)
                  2001002c    00000040                     : SemaphoreP_nortos.om4 (.text.SemaphoreP_post)
                  2001006c    00000040     drivers_cc32xx.a : Timer.om4 (.text.Timer_open)
                  200100ac    00000040                      : UART.om4 (.text.UART_open)
                  200100ec    00000040     libc.a : atoi.c.obj (.text.atoi)
                  2001012c    0000003e     drivers_cc32xx.a : RingBuf.om4 (.text.RingBuf_get)
                  2001016a    0000003c                      : TimerCC32XX.om4 (.text.TimerCC32XX_close)
                  200101a6    00000002     nortos_cc32xx.a : startup_cc32xx_ticlang.om4 (.text.defaultHandler)
                  200101a8    0000003c                     : ClockPSysTick_nortos.om4 (.text.addToList)
                  200101e4    0000003a     drivers_cc32xx.a : TimerCC32XX.om4 (.text.TimerCC32XX_hwiIntFunction)
                  2001021e    00000002     nortos_cc32xx.a : startup_cc32xx_ticlang.om4 (.text.faultISR)
                  20010220    00000038                     : ClockPSysTick_nortos.om4 (.text.ClockP_destruct)
                  20010258    00000038     drivers_cc32xx.a : PowerCC32XX.om4 (.text.Power_setConstraint)
                  20010290    00000038     nortos_cc32xx.a : SwiP_nortos.om4 (.text.SwiP_restore)
                  200102c8    00000038     drivers_cc32xx.a : UARTCC32XX.om4 (.text.UARTCC32XX_readCancel)
                  20010300    00000038     gpiointerrupt.o (.text.changeTemp)
                  20010338    00000038     gpiointerrupt.o (.text.initUART)
                  20010370    00000038     libc.a : autoinit.c.obj (.text:__TI_auto_init_nobinit_nopinit)
                  200103a8    00000036     drivers_cc32xx.a : UARTCC32XX.om4 (.text.UARTCC32XX_read)
                  200103de    00000002     nortos_cc32xx.a : startup_cc32xx_ticlang.om4 (.text.nmiISR)
                  200103e0    00000034                     : ClockPSysTick_nortos.om4 (.text.ClockP_start)
                  20010414    00000034     driverlib.a : i2c.obj (.text.I2CFIFODataPutNonBlocking)
                  20010448    00000034                 : pin.obj (.text.PinModeGet)
                  2001047c    00000034     drivers_cc32xx.a : TimerCC32XX.om4 (.text.TimerCC32XX_freeTimerResource)
                  200104b0    00000034     nortos_cc32xx.a : startup_cc32xx_ticlang.om4 (.text.initVectors)
                  200104e4    00000030                     : ClockPSysTick_nortos.om4 (.text.ClockP_getTicksUntilInterrupt)
                  20010514    00000030     driverlib.a : i2c.obj (.text.I2CFIFODataGetNonBlocking)
                  20010544    00000030                 : timer.obj (.text.TimerLoadSet)
                  20010574    00000030                 : timer.obj (.text.TimerPrescaleSet)
                  200105a4    00000030     libc.a : snprintf.c.obj (.text._outs)
                  200105d4    00000030     drivers_cc32xx.a : PowerCC32XX.om4 (.text.notify)
                  20010604    0000002e                      : PowerCC32XX.om4 (.text.PowerCC32XX_restoreParkedPin)
                  20010632    00000002     --HOLE-- [fill = 0]
                  20010634    0000002e     libclang_rt.builtins.a : floatsidf.S.obj (.text.__floatsidf)
                  20010662    0000002c     driverlib.a : i2c.obj (.text.I2CMasterIntStatusEx)
                  2001068e    0000002a     nortos_cc32xx.a : HwiPCC32XX_nortos.om4 (.text.HwiP_create)
                  200106b8    0000002a     driverlib.a : prcm.obj (.text.PRCMPeripheralClkDisable)
                  200106e2    00000028                 : i2c.obj (.text.I2CMasterBusBusy)
                  2001070a    00000028                 : i2c.obj (.text.I2CMasterSlaveAddrSet)
                  20010732    00000028     drivers_cc32xx.a : I2C.om4 (.text.I2C_cancel)
                  2001075a    00000028                      : List.om4 (.text.List_remove)
                  20010782    00000002     --HOLE-- [fill = 0]
                  20010784    00000028                      : PowerCC32XX.om4 (.text.PowerCC32XX_getParkState)
                  200107ac    00000028                      : PowerCC32XX.om4 (.text.PowerCC32XX_reset)
                  200107d4    00000028     libc.a : memory.c.obj (.text.free_list_insert)
                  200107fc    00000024     drivers_cc32xx.a : List.om4 (.text.List_put)
                  20010820    00000024                      : PowerCC32XX.om4 (.text.PowerCC32XX_restoreParkState)
                  20010844    00000024                      : PowerCC32XX.om4 (.text.Power_registerNotify)
                  20010868    00000024     gpiointerrupt.o (.text.getTemp)
                  2001088c    00000024     libc.a : boot_cortex_m.c.obj (.text:_c_int00_noargs)
                  200108b0    00000020     drivers_cc32xx.a : PowerCC32XX.om4 (.text.Power_unregisterNotify)
                  200108d0    00000020     nortos_cc32xx.a : SemaphoreP_nortos.om4 (.text.SemaphoreP_constructBinary)
                  200108f0    00000020                     : SemaphoreP_nortos.om4 (.text.SemaphoreP_createBinary)
                  20010910    00000020     driverlib.a : timer.obj (.text.TimerDisable)
                  20010930    0000001e     drivers_cc32xx.a : UARTCC32XX.om4 (.text.isFlowControlEnabled)
                  2001094e    0000001e     libc.a : memccpy.c.obj (.text.memccpy)
                  2001096c    0000001c     nortos_cc32xx.a : ClockPSysTick_nortos.om4 (.text.ClockP_create)
                  20010988    0000001c                     : HwiPCC32XX_nortos.om4 (.text.HwiP_destruct)
                  200109a4    0000001c                     : HwiPCC32XX_nortos.om4 (.text.HwiP_dispatch)
                  200109c0    0000001c     drivers_cc32xx.a : RingBuf.om4 (.text.RingBuf_peek)
                  200109dc    0000001c     nortos_cc32xx.a : SwiP_nortos.om4 (.text.SwiP_disable)
                  200109f8    0000001c     libc.a : memory.c.obj (.text.free_list_remove)
                  20010a14    0000001c     nortos_cc32xx.a : startup_cc32xx_ticlang.om4 (.text.resetISR)
                  20010a30    0000001a     driverlib.a : prcm.obj (.text.PRCMHIBRegRead)
                  20010a4a    0000001a                 : prcm.obj (.text.PRCMHIBRegWrite)
                  20010a64    0000001a                 : pin.obj (.text.PinToPadGet)
                  20010a7e    0000001a                 : timer.obj (.text.TimerEnable)
                  20010a98    00000018     nortos_cc32xx.a : SemaphoreP_nortos.om4 (.text.SemaphoreP_create)
                  20010ab0    00000018     drivers_cc32xx.a : TimerCC32XX.om4 (.text.TimerCC32XX_getCount)
                  20010ac8    00000018     libc.a : snprintf.c.obj (.text._outc)
                  20010ae0    00000018     drivers_cc32xx.a : TimerCC32XX.om4 (.text.getPowerMgrId)
                  20010af8    00000016     driverlib.a : i2c.obj (.text.I2CMasterBurstLengthSet)
                  20010b0e    00000016                 : i2c.obj (.text.I2CMasterIntDisableEx)
                  20010b24    00000016                 : i2c.obj (.text.I2CRxFIFOFlush)
                  20010b3a    00000016                 : i2c.obj (.text.I2CTxFIFOFlush)
                  20010b50    00000016                 : timer.obj (.text.TimerIntDisable)
                  20010b66    00000014                 : cpu.obj (.text.CPUcpsid)
                  20010b7a    00000014                 : i2c.obj (.text.I2CMasterIntEnableEx)
                  20010b8e    00000014                 : interrupt.obj (.text.IntVTableBaseSet)
                  20010ba2    00000002     --HOLE-- [fill = 0]
                  20010ba4    00000014     drivers_cc32xx.a : PowerCC32XX.om4 (.text.Power_disablePolicy)
                  20010bb8    00000014                      : PowerCC32XX.om4 (.text.Power_getTransitionLatency)
                  20010bcc    00000014                      : PowerCC32XX.om4 (.text.Power_idleFunc)
                  20010be0    00000014     driverlib.a : timer.obj (.text.TimerIntEnable)
                  20010bf4    00000014                 : uart.obj (.text.UARTIntEnable)
                  20010c08    00000014     libclang_rt.builtins.a : aeabi_uldivmod.S.obj (.text.__aeabi_uldivmod)
                  20010c1c    00000012     ti_drivers_config.o (.text.Board_init)
                  20010c2e    00000012     nortos_cc32xx.a : ClockPSysTick_nortos.om4 (.text.ClockP_add)
                  20010c40    00000012                     : ClockPSysTick_nortos.om4 (.text.ClockP_delete)
                  20010c52    00000012                     : HwiPCC32XX_nortos.om4 (.text.HwiP_Params_init)
                  20010c64    00000012                     : HwiPCC32XX_nortos.om4 (.text.HwiP_delete)
                  20010c76    00000012     drivers_cc32xx.a : I2C.om4 (.text.I2C_transfer)
                  20010c88    00000012     libc.a : memcpy_t2.S.obj (.text:TI_memcpy_small)
                  20010c9a    00000002     --HOLE-- [fill = 0]
                  20010c9c    00000010     nortos_cc32xx.a : ClockPSysTick_nortos.om4 (.text.ClockP_getCpuFreq)
                  20010cac    00000010                     : ClockPSysTick_nortos.om4 (.text.ClockP_getSystemTicks)
                  20010cbc    00000010                     : ClockPSysTick_nortos.om4 (.text.ClockP_setTicks)
                  20010ccc    00000010                     : HwiPCC32XX_nortos.om4 (.text.HwiP_inISR)
                  20010cdc    00000010     driverlib.a : i2c.obj (.text.I2CMasterIntClearEx)
                  20010cec    00000010     drivers_cc32xx.a : PowerCC32XX.om4 (.text.Power_enablePolicy)
                  20010cfc    00000010                      : RingBuf.om4 (.text.RingBuf_construct)
                  20010d0c    00000010     nortos_cc32xx.a : SemaphoreP_nortos.om4 (.text.SemaphoreP_Params_init)
                  20010d1c    00000010     driverlib.a : timer.obj (.text.TimerIntClear)
                  20010d2c    00000010     drivers_cc32xx.a : Timer.om4 (.text.Timer_Params_init)
                  20010d3c    00000010     driverlib.a : uart.obj (.text.UARTBusy)
                  20010d4c    00000010     main_nortos.o (.text.main)
                  20010d5c    00000010     drivers_cc32xx.a : UARTCC32XX.om4 (.text.readBlockingTimeout)
                  20010d6c    00000010     libc.a : wcslen.c.obj (.text.wcslen)
                  20010d7c    00000010            : copy_zero_init.c.obj (.text:decompress:ZI)
                  20010d8c    0000000e     nortos_cc32xx.a : HwiPCC32XX_nortos.om4 (.text.HwiP_disable)
                  20010d9a    0000000e                     : HwiPCC32XX_nortos.om4 (.text.HwiP_restore)
                  20010da8    0000000e     driverlib.a : i2c.obj (.text.I2CFIFOStatus)
                  20010db6    0000000e     drivers_cc32xx.a : I2CCC32XX.om4 (.text.I2CSupport_masterFinish)
                  20010dc4    0000000e                      : RingBuf.om4 (.text.RingBuf_isFull)
                  20010dd2    0000000e     libc.a : _printfi.c.obj (.text.strlen)
                  20010de0    0000000e            : memset_t2.S.obj (.text:TI_memset_small)
                  20010dee    0000000e            : copy_decompress_none.c.obj (.text:decompress:none)
                  20010dfc    0000000c     drivers_cc32xx.a : I2CCC32XX.om4 (.text.I2CCC32XX_postNotify)
                  20010e08    0000000c                      : I2C.om4 (.text.I2C_Params_init)
                  20010e14    0000000c                      : PowerCC32XX.om4 (.text.Power_getConstraintMask)
                  20010e20    0000000c                      : UART.om4 (.text.UART_Params_init)
                  20010e2c    0000000c     gpiointerrupt.o (.text.gpioDecreaseTemperatureCallback)
                  20010e38    0000000c     gpiointerrupt.o (.text.gpioIncreaseTemperatureCallback)
                  20010e44    0000000c     drivers_cc32xx.a : TimerCC32XX.om4 (.text.postNotifyFxn)
                  20010e50    0000000c                      : UARTCC32XX.om4 (.text.postNotifyFxn)
                  20010e5c    0000000c     gpiointerrupt.o (.text.timerCallback)
                  20010e68    0000000a     nortos_cc32xx.a : ClockPSysTick_nortos.om4 (.text.ClockP_Params_init)
                  20010e72    0000000a                     : ClockPSysTick_nortos.om4 (.text.ClockP_isActive)
                  20010e7c    0000000a                     : HwiPCC32XX_nortos.om4 (.text.HwiP_clearInterrupt)
                  20010e86    0000000a                     : HwiPCC32XX_nortos.om4 (.text.HwiP_disableInterrupt)
                  20010e90    0000000a                     : HwiPCC32XX_nortos.om4 (.text.HwiP_enable)
                  20010e9a    0000000a                     : HwiPCC32XX_nortos.om4 (.text.HwiP_enableInterrupt)
                  20010ea4    0000000a     driverlib.a : interrupt.obj (.text.IntMasterDisable)
                  20010eae    0000000a     gpiointerrupt.o (.text.OUTLINED_FUNCTION_0)
                  20010eb8    0000000a     gpiointerrupt.o (.text.OUTLINED_FUNCTION_1)
                  20010ec2    00000002     --HOLE-- [fill = 0]
                  20010ec4    0000000a     libclang_rt.builtins.a : aeabi_memset.S.obj (.text.__aeabi_memset)
                  20010ece    00000008     drivers_cc32xx.a : I2CCC32XX.om4 (.text.I2CCC32XX_blockingCallback)
                  20010ed6    00000008     driverlib.a : utils.obj (.text.UtilsDelay)
                  20010ede    00000002     --HOLE-- [fill = 0]
                  20010ee0    00000008     libc.a : aeabi_portable.c.obj (.text.__aeabi_errno_addr)
                  20010ee8    00000008     libclang_rt.builtins.a : aeabi_memset.S.obj (.text.__aeabi_memclr)
                  20010ef0    00000008     libc.a : memory.c.obj (.text.malloc)
                  20010ef8    00000008     drivers_cc32xx.a : UARTCC32XX.om4 (.text.readSemCallback)
                  20010f00    00000008                      : UARTCC32XX.om4 (.text.writeSemCallback)
                  20010f08    00000006                      : I2CCC32XX.om4 (.text.I2CSupport_powerRelConstraint)
                  20010f0e    00000006                      : I2CCC32XX.om4 (.text.I2CSupport_powerSetConstraint)
                  20010f14    00000006                      : TimerCC32XX.om4 (.text.TimerCC32XX_control)
                  20010f1a    00000006                      : Timer.om4 (.text.Timer_start)
                  20010f20    00000006                      : UART.om4 (.text.UART_write)
                  20010f26    00000004     nortos_cc32xx.a : ClockPSysTick_nortos.om4 (.text.ClockP_doTick)
                  20010f2a    00000004                     : ClockPSysTick_nortos.om4 (.text.ClockP_setTimeout)
                  20010f2e    00000004                     : HwiPCC32XX_nortos.om4 (.text.HwiP_post)
                  20010f32    00000004                     : NoRTOS.om4 (.text.NoRTOS_start)
                  20010f36    00000004                     : SemaphoreP_nortos.om4 (.text.SemaphoreP_delete)
                  20010f3a    00000002     --HOLE-- [fill = 0]
                  20010f3c    00000004     libclang_rt.builtins.a : aeabi_memcpy.S.obj (.text.__aeabi_memcpy)
                  20010f40    00000004     libc.a : pre_init.c.obj (.text._system_pre_init)
                  20010f44    00000004            : exit.c.obj (.text:abort)

.ramVecs   0    20000000    0000030c     NOLOAD SECTION
                  20000000    0000030c     nortos_cc32xx.a : startup_cc32xx_ticlang.om4 (.ramVecs)

.stack     0    20003000    00001000     UNINITIALIZED
                  20003000    00000004     libc.a : boot_cortex_m.c.obj (.stack)
                  20003004    00000ffc     --HOLE--

.resetVecs 
*          0    20004000    00000040     
                  20004000    00000040     nortos_cc32xx.a : startup_cc32xx_ticlang.om4 (.resetVecs)

.sysmem    0    20004040    00008000     UNINITIALIZED
                  20004040    00000010     libc.a : memory.c.obj (.sysmem)
                  20004050    00007ff0     --HOLE--

.bss       0    20010f48    0000072e     UNINITIALIZED
                  20010f48    0000030c     nortos_cc32xx.a : HwiPCC32XX_nortos.om4 (.bss.HwiP_dispatchTable)
                  20011254    0000012c     drivers_cc32xx.a : PowerCC32XX.om4 (.bss.PowerCC32XX_contextSave)
                  20011380    000000fc     (.common:i2cCC32XXObjects)
                  2001147c    00000084     (.common:uartCC32XXObjects0)
                  20011500    0000004c     nortos_cc32xx.a : SwiP_nortos.om4 (.bss..L_MergedGlobals)
                  2001154c    00000040     (.common:output)
                  2001158c    0000003c     drivers_cc32xx.a : GPIOCC32XX.om4 (.bss..L_MergedGlobals)
                  200115c8    00000034     (.common:timerCC32XXObjects)
                  200115fc    00000020     ti_drivers_config.o (.bss.uartCC32XXRingBuffer0)
                  2001161c    00000020     (.common:i2cTransaction)
                  2001163c    00000004     drivers_cc32xx.a : GPIOCC32XX.om4 (.bss.configIntsEnabledMask)
                  20011640    00000018     nortos_cc32xx.a : ClockPSysTick_nortos.om4 (.bss..L_MergedGlobals)
                  20011658    00000004     libc.a : memory.c.obj (.bss.sys_free)
                  2001165c    00000004     drivers_cc32xx.a : TimerCC32XX.om4 (.bss.timerState.0)
                  20011660    00000004     (.common:i2cHandle)
                  20011664    00000004     (.common:timer)
                  20011668    00000004     (.common:uartHandle)
                  2001166c    00000002     nortos_cc32xx.a : SemaphoreP_nortos.om4 (.bss..L_MergedGlobals)
                  2001166e    00000002     (.common:rxBuffer)
                  20011670    00000001                     : SemaphoreP_nortos.om4 (.bss.SemaphoreP_initialized)
                  20011671    00000001     drivers_cc32xx.a : Timer.om4 (.bss.isInitialized)
                  20011672    00000001                      : UART.om4 (.bss.isInitialized)
                  20011673    00000001                      : GPIOCC32XX.om4 (.bss.portHwiCreatedBitMask)
                  20011674    00000001     (.common:BUTTON_STATE)
                  20011675    00000001     (.common:txBuffer)

.rodata    0    20011680    0000065a     
                  20011680    00000101     libc.a : aeabi_ctype.S.obj (.rodata:__aeabi_ctype_table_)
                  20011781    00000001     ti_drivers_config.o (.rodata.I2C_count)
                  20011782    00000001     ti_drivers_config.o (.rodata.Timer_count)
                  20011783    00000001     ti_drivers_config.o (.rodata.UART_count)
                  20011784    00000100     driverlib.a : pin.obj (.rodata.g_ulPinToPadMap)
                  20011884    000000a8                 : prcm.obj (.rodata.PRCM_PeriphRegsList)
                  2001192c    00000048     gpiointerrupt.o (.rodata.str1.117259490511853709771)
                  20011974    00000044     ti_drivers_config.o (.rodata.PowerCC32XX_config)
                  200119b8    00000032     gpiointerrupt.o (.rodata.str1.59672170090002130734)
                  200119ea    00000002     --HOLE-- [fill = 0]
                  200119ec    00000030     gpiointerrupt.o (.rodata..L__const.mainThread.tasks)
                  20011a1c    00000028     drivers_cc32xx.a : UARTCC32XX.om4 (.rodata.UARTCC32XX_fxnTable)
                  20011a44    00000028     gpiointerrupt.o (.rodata.str1.2552335557485402981)
                  20011a6c    00000024     drivers_cc32xx.a : UART.om4 (.rodata.UART_defaultParams)
                  20011a90    00000024     ti_drivers_config.o (.rodata.uartCC32XXHWAttrs0)
                  20011ab4    00000021     drivers_cc32xx.a : GPIOCC32XX.om4 (.rodata.pinTable)
                  20011ad5    00000021     gpiointerrupt.o (.rodata.str1.172639838942318644741)
                  20011af6    00000002     --HOLE-- [fill = 0]
                  20011af8    00000020     drivers_cc32xx.a : TimerCC32XX.om4 (.rodata.TimerCC32XX_fxnTable)
                  20011b18    00000020                      : UARTCC32XX.om4 (.rodata.staticFxnTable)
                  20011b38    0000001b     gpiointerrupt.o (.rodata.str1.119337933097536889414)
                  20011b53    00000001     --HOLE-- [fill = 0]
                  20011b54    00000018     driverlib.a : interrupt.obj (.rodata.g_pulPendRegs)
                  20011b6c    00000018     gpiointerrupt.o (.rodata.sensors)
                  20011b84    00000016     gpiointerrupt.o (.rodata.str1.88141095010518599421)
                  20011b9a    00000002     --HOLE-- [fill = 0]
                  20011b9c    00000014     ti_drivers_config.o (.rodata.GPIOCC32XX_config)
                  20011bb0    00000014     drivers_cc32xx.a : GPIOCC32XX.om4 (.rodata.gpioBaseAddresses)
                  20011bc4    00000014     ti_drivers_config.o (.rodata.i2cCC32XXHWAttrs)
                  20011bd8    00000014     drivers_cc32xx.a : UARTCC32XX.om4 (.rodata.parityType)
                  20011bec    00000014                      : GPIOCC32XX.om4 (.rodata.powerResources)
                  20011c00    00000011     libc.a : _printfi.c.obj (.rodata.str1.11645776875810915891)
                  20011c11    00000011            : _printfi.c.obj (.rodata.str1.44690500295887128011)
                  20011c22    00000002     --HOLE-- [fill = 0]
                  20011c24    00000010     drivers_cc32xx.a : I2CCC32XX.om4 (.rodata.cst16)
                  20011c34    00000010                      : UARTCC32XX.om4 (.rodata.cst16)
                  20011c44    00000010     ti_drivers_config.o (.rodata.timerCC32XXHWAttrs)
                  20011c54    0000000d     gpiointerrupt.o (.rodata.str1.8099049698717124711)
                  20011c61    00000003     --HOLE-- [fill = 0]
                  20011c64    0000000c     ti_drivers_config.o (.rodata.Timer_config)
                  20011c70    0000000c     ti_drivers_config.o (.rodata.UART_config)
                  20011c7c    0000000c     drivers_cc32xx.a : Timer.om4 (.rodata.defaultParams)
                  20011c88    00000009     gpiointerrupt.o (.rodata.str1.149745159178111864794)
                  20011c91    00000003     --HOLE-- [fill = 0]
                  20011c94    00000009     gpiointerrupt.o (.rodata.str1.27667157146944505614)
                  20011c9d    00000003     --HOLE-- [fill = 0]
                  20011ca0    00000008     ti_drivers_config.o (.rodata.I2C_config)
                  20011ca8    00000008     drivers_cc32xx.a : UARTCC32XX.om4 (.rodata.cst8)
                  20011cb0    00000008                      : GPIOCC32XX.om4 (.rodata.outPinTypes)
                  20011cb8    00000006                      : GPIOCC32XX.om4 (.rodata.inPinTypes)
                  20011cbe    00000006                      : GPIOCC32XX.om4 (.rodata.interruptType)
                  20011cc4    00000006                      : GPIOCC32XX.om4 (.rodata.outPinStrengths)
                  20011cca    00000004                      : GPIOCC32XX.om4 (.rodata.cst4)
                  20011cce    00000004     gpiointerrupt.o (.rodata.str1.48557138690711581961)
                  20011cd2    00000004     gpiointerrupt.o (.rodata.str1.75752999448730089091)
                  20011cd6    00000004     gpiointerrupt.o (.rodata.str1.99899187528894583921)

.cinit     0    20011f88    000000ec     
                  20011f88    000000c8     (.cinit..data.load) [load image, compression = lzss]
                  20012050    0000000c     (__TI_handler_table)
                  2001205c    00000008     (.cinit..bss.load) [load image, compression = zero_init]
                  20012064    00000010     (__TI_cinit_table)

.init_array 
*          0    20004000    00000000     UNINITIALIZED

.data      0    20011ce0    000002a5     UNINITIALIZED
                  20011ce0    0000016c     drivers_cc32xx.a : PowerCC32XX.om4 (.data.PowerCC32XX_module)
                  20011e4c    000000f8     ti_drivers_config.o (.data.parkInfo)
                  20011f44    0000000c     ti_drivers_config.o (.data.gpioCallbackFunctions)
                  20011f50    0000000c     ti_drivers_config.o (.data.gpioPinConfigs)
                  20011f5c    00000008     gpiointerrupt.o (.data..L_MergedGlobals)
                  20011f64    00000004     nortos_cc32xx.a : ClockPSysTick_nortos.om4 (.data.ClockP_tickPeriod)
                  20011f68    00000008                     : SemaphoreP_nortos.om4 (.data.SemaphoreP_defaultParams)
                  20011f70    00000004                     : HwiPCC32XX_nortos.om4 (.data.HwiP_swiPIntNum)
                  20011f74    00000004     libc.a : aeabi_portable.c.obj (.data.__aeabi_errno)
                  20011f78    00000004            : _lock.c.obj (.data._lock)
                  20011f7c    00000004            : _lock.c.obj (.data._unlock)
                  20011f80    00000001     gpiointerrupt.o (.data.TimerFlag)
                  20011f81    00000003     --HOLE--
                  20011f84    00000001     libc.a : memory.c.obj (.data.memory_is_initialized)

.log_data 
*          0    90000000    00000000     COPY SECTION

__llvm_prf_cnts 
*          0    20004000    00000000     UNINITIALIZED

__llvm_prf_bits 
*          0    20004000    00000000     UNINITIALIZED

MODULE SUMMARY

       Module                       code    ro data   rw data
       ------                       ----    -------   -------
    ./
       gpiointerrupt.o              1080    359       121    
       main_nortos.o                16      0         0      
    +--+----------------------------+-------+---------+---------+
       Total:                       1096    359       121    
                                                             
    ./syscfg/
       ti_drivers_config.o          20      195       740    
    +--+----------------------------+-------+---------+---------+
       Total:                       20      195       740    
                                                             
    /Applications/ti/ccs1260/ccs/tools/compiler/ti-cgt-armllvm_3.2.1.LTS/lib/armv7em-ti-none-eabi/c/libc.a
       _printfi.c.obj               2170    34        0      
       memory.c.obj                 712     0         5      
       aeabi_ctype.S.obj            0       257       0      
       snprintf.c.obj               140     0         0      
       copy_decompress_lzss.c.obj   112     0         0      
       atoi.c.obj                   64      0         0      
       autoinit.c.obj               56      0         0      
       boot_cortex_m.c.obj          36      0         0      
       memccpy.c.obj                30      0         0      
       memcpy_t2.S.obj              18      0         0      
       copy_zero_init.c.obj         16      0         0      
       wcslen.c.obj                 16      0         0      
       copy_decompress_none.c.obj   14      0         0      
       memset_t2.S.obj              14      0         0      
       aeabi_portable.c.obj         8       0         4      
       _lock.c.obj                  2       0         8      
       exit.c.obj                   4       0         0      
       pre_init.c.obj               4       0         0      
    +--+----------------------------+-------+---------+---------+
       Total:                       3416    291       17     
                                                             
    /Applications/ti/ccs1260/ccs/tools/compiler/ti-cgt-armllvm_3.2.1.LTS/lib/clang/15.0.7/lib/armv7em-ti-none-eabi/libclang_rt.builtins.a
       muldf3.S.obj                 252     0         0      
       udivmoddi4.S.obj             176     0         0      
       fixdfsi.S.obj                72      0         0      
       floatsidf.S.obj              46      0         0      
       aeabi_uldivmod.S.obj         20      0         0      
       aeabi_memset.S.obj           18      0         0      
       aeabi_memcpy.S.obj           4       0         0      
       aeabi_div0.c.obj             2       0         0      
    +--+----------------------------+-------+---------+---------+
       Total:                       590     0         0      
                                                             
    /Applications/ti/simplelink_cc32xx_sdk_4_30_00_06/kernel/nortos/lib/ticlang/m4/nortos_cc32xx.a
       HwiPCC32XX_nortos.om4        346     0         784    
       startup_cc32xx_ticlang.om4   88      64        780    
       ClockPSysTick_nortos.om4     656     0         28     
       PowerCC32XX_nortos.om4       440     0         0      
       SemaphoreP_nortos.om4        406     0         11     
       SwiP_nortos.om4              84      0         76     
       NoRTOS.om4                   4       0         0      
    +--+----------------------------+-------+---------+---------+
       Total:                       2024    64        1679   
                                                             
    /Applications/ti/simplelink_cc32xx_sdk_4_30_00_06/source/ti/devices/cc32xx/driverlib/ticlang/Release/driverlib.a
       prcm.obj                     1872    168       0      
       pin.obj                      306     256       0      
       i2c.obj                      362     0         0      
       timer.obj                    278     0         0      
       interrupt.obj                194     24        0      
       flash.obj                    92      0         0      
       uart.obj                     36      0         0      
       cpu.obj                      20      0         0      
       utils.obj                    8       0         0      
    +--+----------------------------+-------+---------+---------+
       Total:                       3168    448       0      
                                                             
    /Applications/ti/simplelink_cc32xx_sdk_4_30_00_06/source/ti/drivers/lib/ticlang/m4/drivers_cc32xx.a
       UARTCC32XX.om4               3168    116       0      
       PowerCC32XX.om4              2160    0         664    
       GPIOCC32XX.om4               1124    103       65     
       I2CCC32XX.om4                1272    16        0      
       TimerCC32XX.om4              1094    32        4      
       I2C.om4                      366     0         0      
       RingBuf.om4                  190     0         0      
       UART.om4                     150     36        1      
       Timer.om4                    154     12        1      
       PowerCC32XX_asm.om4          150     0         0      
       List.om4                     76      0         0      
    +--+----------------------------+-------+---------+---------+
       Total:                       9904    315       735    
                                                             
       Heap:                        0       0         32768  
       Stack:                       0       0         4096   
       Linker Generated:            0       236       0      
    +--+----------------------------+-------+---------+---------+
       Grand Total:                 20218   1908      40156  


LINKER GENERATED COPY TABLES

__TI_cinit_table @ 20012064 records: 2, size/record: 8, table size: 16
	.data: load addr=20011f88, load size=000000c8 bytes, run addr=20011ce0, run size=000002a5 bytes, compression=lzss
	.bss: load addr=2001205c, load size=00000008 bytes, run addr=20010f48, run size=0000072e bytes, compression=zero_init


LINKER GENERATED HANDLER TABLE

__TI_handler_table @ 20012050 records: 3, size/record: 4, table size: 12
	index: 0, handler: __TI_decompress_lzss
	index: 1, handler: __TI_decompress_none
	index: 2, handler: __TI_zero_init


GLOBAL SYMBOLS: SORTED ALPHABETICALLY BY Name 

address   name                             
-------   ----                             
20011674  BUTTON_STATE                     
20010c1d  Board_init                       
2000daa3  Board_initHook                   
20010f44  C$$EXIT                          
20010b67  CPUcpsid                         
20010e69  ClockP_Params_init               
20010c2f  ClockP_add                       
2000ffad  ClockP_construct                 
2001096d  ClockP_create                    
20011648  ClockP_ctrl                      
20010c41  ClockP_delete                    
20010221  ClockP_destruct                  
20010f27  ClockP_doTick                    
20010c9d  ClockP_getCpuFreq                
20010cad  ClockP_getSystemTicks            
200104e5  ClockP_getTicksUntilInterrupt    
20010e73  ClockP_isActive                  
20010cbd  ClockP_setTicks                  
20010f2b  ClockP_setTimeout                
200103e1  ClockP_start                     
2000f521  ClockP_startup                   
2000ffed  ClockP_stop                      
2000fc71  ClockP_sysTickHandler            
20011f64  ClockP_tickPeriod                
2000f649  FlashDisable                     
20011b9c  GPIOCC32XX_config                
2000f9c1  GPIO_enableInt                   
2000f0ed  GPIO_hwiIntFxn                   
2000e315  GPIO_init                        
2000fa11  GPIO_setCallback                 
2000d3b5  GPIO_setConfig                   
2000f811  GPIO_write                       
20010c53  HwiP_Params_init                 
20010e7d  HwiP_clearInterrupt              
2000ee99  HwiP_construct                   
2001068f  HwiP_create                      
20010c65  HwiP_delete                      
20010989  HwiP_destruct                    
20010d8d  HwiP_disable                     
20010e87  HwiP_disableInterrupt            
200109a5  HwiP_dispatch                    
20010e91  HwiP_enable                      
20010e9b  HwiP_enableInterrupt             
20010ccd  HwiP_inISR                       
20010f2f  HwiP_post                        
20010d9b  HwiP_restore                     
20011f70  HwiP_swiPIntNum                  
20010515  I2CFIFODataGetNonBlocking        
20010415  I2CFIFODataPutNonBlocking        
20010da9  I2CFIFOStatus                    
20010af9  I2CMasterBurstLengthSet          
200106e3  I2CMasterBusBusy                 
20010cdd  I2CMasterIntClearEx              
20010b0f  I2CMasterIntDisableEx            
20010b7b  I2CMasterIntEnableEx             
20010663  I2CMasterIntStatusEx             
2001070b  I2CMasterSlaveAddrSet            
20010b25  I2CRxFIFOFlush                   
20010db7  I2CSupport_masterFinish          
20010f09  I2CSupport_powerRelConstraint    
20010f0f  I2CSupport_powerSetConstraint    
2000f6a5  I2CSupport_primeTransfer         
20010b3b  I2CTxFIFOFlush                   
20010e09  I2C_Params_init                  
20010733  I2C_cancel                       
20011ca0  I2C_config                       
20011781  I2C_count                        
2000e18f  I2C_init                         
2000dde1  I2C_open                         
20010c77  I2C_transfer                     
2000d97d  I2C_transferTimeout              
UNDEFED   ITM_flush                        
UNDEFED   ITM_restore                      
20010ea5  IntMasterDisable                 
2000e7c1  IntPendSet                       
20010b8f  IntVTableBaseSet                 
200107fd  List_put                         
2001075b  List_remove                      
20010f33  NoRTOS_start                     
2000c8ad  PRCMCC3200MCUInit                
20010a31  PRCMHIBRegRead                   
20010a4b  PRCMHIBRegWrite                  
2000f8c1  PRCMLPDSEnter                    
2000fd47  PRCMLPDSEnterKeepDebugIf         
2000fa61  PRCMLPDSRestoreInfoSet           
200106b9  PRCMPeripheralClkDisable         
2000f75d  PRCMPeripheralClkEnable          
2000f3eb  PRCMPeripheralReset              
2000ebf5  PRCMSysResetCauseGet             
2000e865  PinConfigSet                     
20010449  PinModeGet                       
2000ff29  PinModeSet                       
20010a65  PinToPadGet                      
20011974  PowerCC32XX_config               
2000ea39  PowerCC32XX_configureWakeup      
20011254  PowerCC32XX_contextSave          
2000e9a1  PowerCC32XX_enterLPDS            
20010785  PowerCC32XX_getParkState         
2000e313  PowerCC32XX_initPolicy           
20011ce0  PowerCC32XX_module               
2000fb91  PowerCC32XX_parkPin              
200107ad  PowerCC32XX_reset                
20010821  PowerCC32XX_restoreParkState     
20010605  PowerCC32XX_restoreParkedPin     
2000e9e5  PowerCC32XX_resumeLPDS           
2000f919  PowerCC32XX_setParkState         
2000d56d  PowerCC32XX_sleepPolicy          
20010ba5  Power_disablePolicy              
20010ced  Power_enablePolicy               
20010e15  Power_getConstraintMask          
20010bb9  Power_getTransitionLatency       
20010bcd  Power_idleFunc                   
2000ef15  Power_init                       
20010845  Power_registerNotify             
2000fdd5  Power_releaseConstraint          
2000f869  Power_releaseDependency          
20010259  Power_setConstraint              
2000f079  Power_setDependency              
2000cd65  Power_sleep                      
200108b1  Power_unregisterNotify           
20010cfd  RingBuf_construct                
2001012d  RingBuf_get                      
20010dc5  RingBuf_isFull                   
200109c1  RingBuf_peek                     
2000fd8d  RingBuf_put                      
20010d0d  SemaphoreP_Params_init           
2000f96d  SemaphoreP_construct             
200108d1  SemaphoreP_constructBinary       
20010a99  SemaphoreP_create                
200108f1  SemaphoreP_createBinary          
20011f68  SemaphoreP_defaultParams         
20010f37  SemaphoreP_delete                
2000eacd  SemaphoreP_pend                  
2001002d  SemaphoreP_post                  
200109dd  SwiP_disable                     
20010291  SwiP_restore                     
20010c89  TI_memcpy_small                  
20010de1  TI_memset_small                  
2000faad  TimerCC32XX_allocateTimerResource
2001016b  TimerCC32XX_close                
20010f15  TimerCC32XX_control              
2001047d  TimerCC32XX_freeTimerResource    
20011af8  TimerCC32XX_fxnTable             
20010ab1  TimerCC32XX_getCount             
2000ea37  TimerCC32XX_init                 
2000daa5  TimerCC32XX_open                 
2000ee19  TimerCC32XX_setPeriod            
2000ef8d  TimerCC32XX_start                
2000f5e9  TimerCC32XX_stop                 
2000ff6b  TimerControlStall                
20010911  TimerDisable                     
20010a7f  TimerEnable                      
20011f80  TimerFlag                        
20010d1d  TimerIntClear                    
20010b51  TimerIntDisable                  
20010be1  TimerIntEnable                   
20010545  TimerLoadSet                     
20010575  TimerPrescaleSet                 
20010d2d  Timer_Params_init                
20011c64  Timer_config                     
20011782  Timer_count                      
2000fe19  Timer_init                       
2001006d  Timer_open                       
20010f1b  Timer_start                      
20010d3d  UARTBusy                         
2000dfc5  UARTCC32XX_close                 
2000e191  UARTCC32XX_control               
20011a1c  UARTCC32XX_fxnTable              
2000ec83  UARTCC32XX_init                  
2000d175  UARTCC32XX_open                  
200103a9  UARTCC32XX_read                  
200102c9  UARTCC32XX_readCancel            
2000e675  UARTCC32XX_readPolling           
2000e0ad  UARTCC32XX_write                 
2000f585  UARTCC32XX_writeCancel           
2000f7b7  UARTCC32XX_writePolling          
20010bf5  UARTIntEnable                    
20010e21  UART_Params_init                 
20011c70  UART_config                      
20011783  UART_count                       
20011a6c  UART_defaultParams               
2000fe5d  UART_init                        
200100ad  UART_open                        
20010f21  UART_write                       
20010ed7  UtilsDelay                       
20004000  __STACK_END                      
00001000  __STACK_SIZE                     
00008000  __SYSMEM_SIZE                    
00000000  __TI_ATRegion0_region_sz         
00000000  __TI_ATRegion0_src_addr          
00000000  __TI_ATRegion0_trg_addr          
00000000  __TI_ATRegion1_region_sz         
00000000  __TI_ATRegion1_src_addr          
00000000  __TI_ATRegion1_trg_addr          
00000000  __TI_ATRegion2_region_sz         
00000000  __TI_ATRegion2_src_addr          
00000000  __TI_ATRegion2_trg_addr          
20012064  __TI_CINIT_Base                  
20012074  __TI_CINIT_Limit                 
20012074  __TI_CINIT_Warm                  
20012050  __TI_Handler_Table_Base          
2001205c  __TI_Handler_Table_Limit         
20010371  __TI_auto_init_nobinit_nopinit   
2000f15d  __TI_decompress_lzss             
20010def  __TI_decompress_none             
ffffffff  __TI_pprof_out_hndl              
2000c041  __TI_printfi_nofloat             
ffffffff  __TI_prof_data_size              
ffffffff  __TI_prof_data_start             
20011f88  __TI_static_base__               
20010d7d  __TI_zero_init                   
20011680  __aeabi_ctype_table_             
20011680  __aeabi_ctype_table_C            
2000fcb9  __aeabi_d2iz                     
2000dce5  __aeabi_dmul                     
20011f74  __aeabi_errno                    
20010ee1  __aeabi_errno_addr               
20010635  __aeabi_i2d                      
2000f23b  __aeabi_ldiv0                    
20010ee9  __aeabi_memclr                   
20010ee9  __aeabi_memclr4                  
20010ee9  __aeabi_memclr8                  
20010f3d  __aeabi_memcpy                   
20010f3d  __aeabi_memcpy4                  
20010f3d  __aeabi_memcpy8                  
20010ec5  __aeabi_memset                   
20010ec5  __aeabi_memset4                  
20010ec5  __aeabi_memset8                  
20010c09  __aeabi_uldivmod                 
ffffffff  __binit__                        
2000fcb9  __fixdfsi                        
20010635  __floatsidf                      
UNDEFED   __mpu_init                       
2000dce5  __muldf3                         
20003000  __stack                          
20004000  __start___llvm_prf_bits          
20004000  __start___llvm_prf_cnts          
20004000  __stop___llvm_prf_bits           
20004000  __stop___llvm_prf_cnts           
2000e3c5  __udivmoddi4                     
2001088d  _c_int00_noargs                  
20011f78  _lock                            
2000f917  _nop                             
20004040  _sys_memory                      
UNDEFED   _system_post_cinit               
20010f41  _system_pre_init                 
20011f7c  _unlock                          
20010f45  abort                            
2000dbc5  aligned_alloc                    
200100ed  atoi                             
ffffffff  binit                            
20010301  changeTemp                       
2000fdd3  clkFxn                           
20011f5c  currentTemp                      
2000ded5  free                             
20010869  getTemp                          
20011f44  gpioCallbackFunctions            
20010e2d  gpioDecreaseTemperatureCallback  
20010e39  gpioIncreaseTemperatureCallback  
20011f50  gpioPinConfigs                   
2000f23d  heatOnOff                        
20011bc4  i2cCC32XXHWAttrs                 
20011380  i2cCC32XXObjects                 
20011660  i2cHandle                        
2001161c  i2cTransaction                   
20011cb8  inPinTypes                       
2000f701  initGPIO                         
2000d6d9  initI2C                          
2000fea1  initTimer                        
20010339  initUART                         
200104b1  initVectors                      
20010d4d  main                             
2000f2a9  mainThread                       
20010ef1  malloc                           
2000dbc5  memalign                         
2001094f  memccpy                          
20011cc4  outPinStrengths                  
20011cb0  outPinTypes                      
2001154c  output                           
20011e4c  parkInfo                         
2000ed11  readTemp                         
20010a15  resetISR                         
2001166e  rxBuffer                         
20011f60  seconds                          
20011f5e  setPoint                         
2000fee5  snprintf                         
20011664  timer                            
20011c44  timerCC32XXHWAttrs               
200115c8  timerCC32XXObjects               
20010e5d  timerCallback                    
20011675  txBuffer                         
2001147c  uartCC32XXObjects0               
20011668  uartHandle                       
20010d6d  wcslen                           


GLOBAL SYMBOLS: SORTED BY Symbol Address 

address   name                             
-------   ----                             
00000000  __TI_ATRegion0_region_sz         
00000000  __TI_ATRegion0_src_addr          
00000000  __TI_ATRegion0_trg_addr          
00000000  __TI_ATRegion1_region_sz         
00000000  __TI_ATRegion1_src_addr          
00000000  __TI_ATRegion1_trg_addr          
00000000  __TI_ATRegion2_region_sz         
00000000  __TI_ATRegion2_src_addr          
00000000  __TI_ATRegion2_trg_addr          
00001000  __STACK_SIZE                     
00008000  __SYSMEM_SIZE                    
20003000  __stack                          
20004000  __STACK_END                      
20004000  __start___llvm_prf_bits          
20004000  __start___llvm_prf_cnts          
20004000  __stop___llvm_prf_bits           
20004000  __stop___llvm_prf_cnts           
20004040  _sys_memory                      
2000c041  __TI_printfi_nofloat             
2000c8ad  PRCMCC3200MCUInit                
2000cd65  Power_sleep                      
2000d175  UARTCC32XX_open                  
2000d3b5  GPIO_setConfig                   
2000d56d  PowerCC32XX_sleepPolicy          
2000d6d9  initI2C                          
2000d97d  I2C_transferTimeout              
2000daa3  Board_initHook                   
2000daa5  TimerCC32XX_open                 
2000dbc5  aligned_alloc                    
2000dbc5  memalign                         
2000dce5  __aeabi_dmul                     
2000dce5  __muldf3                         
2000dde1  I2C_open                         
2000ded5  free                             
2000dfc5  UARTCC32XX_close                 
2000e0ad  UARTCC32XX_write                 
2000e18f  I2C_init                         
2000e191  UARTCC32XX_control               
2000e313  PowerCC32XX_initPolicy           
2000e315  GPIO_init                        
2000e3c5  __udivmoddi4                     
2000e675  UARTCC32XX_readPolling           
2000e7c1  IntPendSet                       
2000e865  PinConfigSet                     
2000e9a1  PowerCC32XX_enterLPDS            
2000e9e5  PowerCC32XX_resumeLPDS           
2000ea37  TimerCC32XX_init                 
2000ea39  PowerCC32XX_configureWakeup      
2000eacd  SemaphoreP_pend                  
2000ebf5  PRCMSysResetCauseGet             
2000ec83  UARTCC32XX_init                  
2000ed11  readTemp                         
2000ee19  TimerCC32XX_setPeriod            
2000ee99  HwiP_construct                   
2000ef15  Power_init                       
2000ef8d  TimerCC32XX_start                
2000f079  Power_setDependency              
2000f0ed  GPIO_hwiIntFxn                   
2000f15d  __TI_decompress_lzss             
2000f23b  __aeabi_ldiv0                    
2000f23d  heatOnOff                        
2000f2a9  mainThread                       
2000f3eb  PRCMPeripheralReset              
2000f521  ClockP_startup                   
2000f585  UARTCC32XX_writeCancel           
2000f5e9  TimerCC32XX_stop                 
2000f649  FlashDisable                     
2000f6a5  I2CSupport_primeTransfer         
2000f701  initGPIO                         
2000f75d  PRCMPeripheralClkEnable          
2000f7b7  UARTCC32XX_writePolling          
2000f811  GPIO_write                       
2000f869  Power_releaseDependency          
2000f8c1  PRCMLPDSEnter                    
2000f917  _nop                             
2000f919  PowerCC32XX_setParkState         
2000f96d  SemaphoreP_construct             
2000f9c1  GPIO_enableInt                   
2000fa11  GPIO_setCallback                 
2000fa61  PRCMLPDSRestoreInfoSet           
2000faad  TimerCC32XX_allocateTimerResource
2000fb91  PowerCC32XX_parkPin              
2000fc71  ClockP_sysTickHandler            
2000fcb9  __aeabi_d2iz                     
2000fcb9  __fixdfsi                        
2000fd47  PRCMLPDSEnterKeepDebugIf         
2000fd8d  RingBuf_put                      
2000fdd3  clkFxn                           
2000fdd5  Power_releaseConstraint          
2000fe19  Timer_init                       
2000fe5d  UART_init                        
2000fea1  initTimer                        
2000fee5  snprintf                         
2000ff29  PinModeSet                       
2000ff6b  TimerControlStall                
2000ffad  ClockP_construct                 
2000ffed  ClockP_stop                      
2001002d  SemaphoreP_post                  
2001006d  Timer_open                       
200100ad  UART_open                        
200100ed  atoi                             
2001012d  RingBuf_get                      
2001016b  TimerCC32XX_close                
20010221  ClockP_destruct                  
20010259  Power_setConstraint              
20010291  SwiP_restore                     
200102c9  UARTCC32XX_readCancel            
20010301  changeTemp                       
20010339  initUART                         
20010371  __TI_auto_init_nobinit_nopinit   
200103a9  UARTCC32XX_read                  
200103e1  ClockP_start                     
20010415  I2CFIFODataPutNonBlocking        
20010449  PinModeGet                       
2001047d  TimerCC32XX_freeTimerResource    
200104b1  initVectors                      
200104e5  ClockP_getTicksUntilInterrupt    
20010515  I2CFIFODataGetNonBlocking        
20010545  TimerLoadSet                     
20010575  TimerPrescaleSet                 
20010605  PowerCC32XX_restoreParkedPin     
20010635  __aeabi_i2d                      
20010635  __floatsidf                      
20010663  I2CMasterIntStatusEx             
2001068f  HwiP_create                      
200106b9  PRCMPeripheralClkDisable         
200106e3  I2CMasterBusBusy                 
2001070b  I2CMasterSlaveAddrSet            
20010733  I2C_cancel                       
2001075b  List_remove                      
20010785  PowerCC32XX_getParkState         
200107ad  PowerCC32XX_reset                
200107fd  List_put                         
20010821  PowerCC32XX_restoreParkState     
20010845  Power_registerNotify             
20010869  getTemp                          
2001088d  _c_int00_noargs                  
200108b1  Power_unregisterNotify           
200108d1  SemaphoreP_constructBinary       
200108f1  SemaphoreP_createBinary          
20010911  TimerDisable                     
2001094f  memccpy                          
2001096d  ClockP_create                    
20010989  HwiP_destruct                    
200109a5  HwiP_dispatch                    
200109c1  RingBuf_peek                     
200109dd  SwiP_disable                     
20010a15  resetISR                         
20010a31  PRCMHIBRegRead                   
20010a4b  PRCMHIBRegWrite                  
20010a65  PinToPadGet                      
20010a7f  TimerEnable                      
20010a99  SemaphoreP_create                
20010ab1  TimerCC32XX_getCount             
20010af9  I2CMasterBurstLengthSet          
20010b0f  I2CMasterIntDisableEx            
20010b25  I2CRxFIFOFlush                   
20010b3b  I2CTxFIFOFlush                   
20010b51  TimerIntDisable                  
20010b67  CPUcpsid                         
20010b7b  I2CMasterIntEnableEx             
20010b8f  IntVTableBaseSet                 
20010ba5  Power_disablePolicy              
20010bb9  Power_getTransitionLatency       
20010bcd  Power_idleFunc                   
20010be1  TimerIntEnable                   
20010bf5  UARTIntEnable                    
20010c09  __aeabi_uldivmod                 
20010c1d  Board_init                       
20010c2f  ClockP_add                       
20010c41  ClockP_delete                    
20010c53  HwiP_Params_init                 
20010c65  HwiP_delete                      
20010c77  I2C_transfer                     
20010c89  TI_memcpy_small                  
20010c9d  ClockP_getCpuFreq                
20010cad  ClockP_getSystemTicks            
20010cbd  ClockP_setTicks                  
20010ccd  HwiP_inISR                       
20010cdd  I2CMasterIntClearEx              
20010ced  Power_enablePolicy               
20010cfd  RingBuf_construct                
20010d0d  SemaphoreP_Params_init           
20010d1d  TimerIntClear                    
20010d2d  Timer_Params_init                
20010d3d  UARTBusy                         
20010d4d  main                             
20010d6d  wcslen                           
20010d7d  __TI_zero_init                   
20010d8d  HwiP_disable                     
20010d9b  HwiP_restore                     
20010da9  I2CFIFOStatus                    
20010db7  I2CSupport_masterFinish          
20010dc5  RingBuf_isFull                   
20010de1  TI_memset_small                  
20010def  __TI_decompress_none             
20010e09  I2C_Params_init                  
20010e15  Power_getConstraintMask          
20010e21  UART_Params_init                 
20010e2d  gpioDecreaseTemperatureCallback  
20010e39  gpioIncreaseTemperatureCallback  
20010e5d  timerCallback                    
20010e69  ClockP_Params_init               
20010e73  ClockP_isActive                  
20010e7d  HwiP_clearInterrupt              
20010e87  HwiP_disableInterrupt            
20010e91  HwiP_enable                      
20010e9b  HwiP_enableInterrupt             
20010ea5  IntMasterDisable                 
20010ec5  __aeabi_memset                   
20010ec5  __aeabi_memset4                  
20010ec5  __aeabi_memset8                  
20010ed7  UtilsDelay                       
20010ee1  __aeabi_errno_addr               
20010ee9  __aeabi_memclr                   
20010ee9  __aeabi_memclr4                  
20010ee9  __aeabi_memclr8                  
20010ef1  malloc                           
20010f09  I2CSupport_powerRelConstraint    
20010f0f  I2CSupport_powerSetConstraint    
20010f15  TimerCC32XX_control              
20010f1b  Timer_start                      
20010f21  UART_write                       
20010f27  ClockP_doTick                    
20010f2b  ClockP_setTimeout                
20010f2f  HwiP_post                        
20010f33  NoRTOS_start                     
20010f37  SemaphoreP_delete                
20010f3d  __aeabi_memcpy                   
20010f3d  __aeabi_memcpy4                  
20010f3d  __aeabi_memcpy8                  
20010f41  _system_pre_init                 
20010f44  C$$EXIT                          
20010f45  abort                            
20011254  PowerCC32XX_contextSave          
20011380  i2cCC32XXObjects                 
2001147c  uartCC32XXObjects0               
2001154c  output                           
200115c8  timerCC32XXObjects               
2001161c  i2cTransaction                   
20011648  ClockP_ctrl                      
20011660  i2cHandle                        
20011664  timer                            
20011668  uartHandle                       
2001166e  rxBuffer                         
20011674  BUTTON_STATE                     
20011675  txBuffer                         
20011680  __aeabi_ctype_table_             
20011680  __aeabi_ctype_table_C            
20011781  I2C_count                        
20011782  Timer_count                      
20011783  UART_count                       
20011974  PowerCC32XX_config               
20011a1c  UARTCC32XX_fxnTable              
20011a6c  UART_defaultParams               
20011af8  TimerCC32XX_fxnTable             
20011b9c  GPIOCC32XX_config                
20011bc4  i2cCC32XXHWAttrs                 
20011c44  timerCC32XXHWAttrs               
20011c64  Timer_config                     
20011c70  UART_config                      
20011ca0  I2C_config                       
20011cb0  outPinTypes                      
20011cb8  inPinTypes                       
20011cc4  outPinStrengths                  
20011ce0  PowerCC32XX_module               
20011e4c  parkInfo                         
20011f44  gpioCallbackFunctions            
20011f50  gpioPinConfigs                   
20011f5c  currentTemp                      
20011f5e  setPoint                         
20011f60  seconds                          
20011f64  ClockP_tickPeriod                
20011f68  SemaphoreP_defaultParams         
20011f70  HwiP_swiPIntNum                  
20011f74  __aeabi_errno                    
20011f78  _lock                            
20011f7c  _unlock                          
20011f80  TimerFlag                        
20011f88  __TI_static_base__               
20012050  __TI_Handler_Table_Base          
2001205c  __TI_Handler_Table_Limit         
20012064  __TI_CINIT_Base                  
20012074  __TI_CINIT_Limit                 
20012074  __TI_CINIT_Warm                  
ffffffff  __TI_pprof_out_hndl              
ffffffff  __TI_prof_data_size              
ffffffff  __TI_prof_data_start             
ffffffff  __binit__                        
ffffffff  binit                            
UNDEFED   ITM_flush                        
UNDEFED   ITM_restore                      
UNDEFED   __mpu_init                       
UNDEFED   _system_post_cinit               

[294 symbols]
